D:/JONAS/FACULDADE/MESTRADO/PROJETOS PLACA EMBARCADOS/Projeto2_tres leds/Core/Src/main.c:92:5:main	1
D:/JONAS/FACULDADE/MESTRADO/PROJETOS PLACA EMBARCADOS/Projeto2_tres leds/Core/Src/main.c:154:6:SystemClock_Config	4
D:/JONAS/FACULDADE/MESTRADO/PROJETOS PLACA EMBARCADOS/Projeto2_tres leds/Core/Src/main.c:213:13:MX_ETH_Init	2
D:/JONAS/FACULDADE/MESTRADO/PROJETOS PLACA EMBARCADOS/Projeto2_tres leds/Core/Src/main.c:262:13:MX_USART3_UART_Init	5
D:/JONAS/FACULDADE/MESTRADO/PROJETOS PLACA EMBARCADOS/Projeto2_tres leds/Core/Src/main.c:310:13:MX_USB_OTG_FS_PCD_Init	2
D:/JONAS/FACULDADE/MESTRADO/PROJETOS PLACA EMBARCADOS/Projeto2_tres leds/Core/Src/main.c:346:13:MX_GPIO_Init	1
D:/JONAS/FACULDADE/MESTRADO/PROJETOS PLACA EMBARCADOS/Projeto2_tres leds/Core/Src/main.c:415:6:Error_Handler	1
