D:/JONAS/FACULDADE/MESTRADO/PROJETOS PLACA EMBARCADOS/Projeto2_tres leds/Core/Src/main.c:92:5:main	8	static
D:/JONAS/FACULDADE/MESTRADO/PROJETOS PLACA EMBARCADOS/Projeto2_tres leds/Core/Src/main.c:154:6:SystemClock_Config	120	static
D:/JONAS/FACULDADE/MESTRADO/PROJETOS PLACA EMBARCADOS/Projeto2_tres leds/Core/Src/main.c:213:13:MX_ETH_Init	8	static
D:/JONAS/FACULDADE/MESTRADO/PROJETOS PLACA EMBARCADOS/Projeto2_tres leds/Core/Src/main.c:262:13:MX_USART3_UART_Init	8	static
D:/JONAS/FACULDADE/MESTRADO/PROJETOS PLACA EMBARCADOS/Projeto2_tres leds/Core/Src/main.c:310:13:MX_USB_OTG_FS_PCD_Init	8	static
D:/JONAS/FACULDADE/MESTRADO/PROJETOS PLACA EMBARCADOS/Projeto2_tres leds/Core/Src/main.c:346:13:MX_GPIO_Init	56	static
D:/JONAS/FACULDADE/MESTRADO/PROJETOS PLACA EMBARCADOS/Projeto2_tres leds/Core/Src/main.c:415:6:Error_Handler	4	static,ignoring_inline_asm
