Archive member included to satisfy reference by file (symbol)

C:/Program Files/STM32CubeIDE_1.16.1/STM32CubeIDE/plugins/com.st.stm32cube.ide.mcu.externaltools.gnu-tools-for-stm32.12.3.rel1.win32_1.0.200.202406191623/tools/bin/../lib/gcc/arm-none-eabi/12.3.1/../../../../arm-none-eabi/lib/thumb/v7e-m+dp/hard\libc_nano.a(libc_a-exit.o)
                              C:/Program Files/STM32CubeIDE_1.16.1/STM32CubeIDE/plugins/com.st.stm32cube.ide.mcu.externaltools.gnu-tools-for-stm32.12.3.rel1.win32_1.0.200.202406191623/tools/bin/../lib/gcc/arm-none-eabi/12.3.1/../../../../arm-none-eabi/lib/thumb/v7e-m+dp/hard/crt0.o (exit)
C:/Program Files/STM32CubeIDE_1.16.1/STM32CubeIDE/plugins/com.st.stm32cube.ide.mcu.externaltools.gnu-tools-for-stm32.12.3.rel1.win32_1.0.200.202406191623/tools/bin/../lib/gcc/arm-none-eabi/12.3.1/../../../../arm-none-eabi/lib/thumb/v7e-m+dp/hard\libc_nano.a(libc_a-findfp.o)
                              C:/Program Files/STM32CubeIDE_1.16.1/STM32CubeIDE/plugins/com.st.stm32cube.ide.mcu.externaltools.gnu-tools-for-stm32.12.3.rel1.win32_1.0.200.202406191623/tools/bin/../lib/gcc/arm-none-eabi/12.3.1/../../../../arm-none-eabi/lib/thumb/v7e-m+dp/hard\libc_nano.a(libc_a-exit.o) (__stdio_exit_handler)
C:/Program Files/STM32CubeIDE_1.16.1/STM32CubeIDE/plugins/com.st.stm32cube.ide.mcu.externaltools.gnu-tools-for-stm32.12.3.rel1.win32_1.0.200.202406191623/tools/bin/../lib/gcc/arm-none-eabi/12.3.1/../../../../arm-none-eabi/lib/thumb/v7e-m+dp/hard\libc_nano.a(libc_a-fwalk.o)
                              C:/Program Files/STM32CubeIDE_1.16.1/STM32CubeIDE/plugins/com.st.stm32cube.ide.mcu.externaltools.gnu-tools-for-stm32.12.3.rel1.win32_1.0.200.202406191623/tools/bin/../lib/gcc/arm-none-eabi/12.3.1/../../../../arm-none-eabi/lib/thumb/v7e-m+dp/hard\libc_nano.a(libc_a-findfp.o) (_fwalk_sglue)
C:/Program Files/STM32CubeIDE_1.16.1/STM32CubeIDE/plugins/com.st.stm32cube.ide.mcu.externaltools.gnu-tools-for-stm32.12.3.rel1.win32_1.0.200.202406191623/tools/bin/../lib/gcc/arm-none-eabi/12.3.1/../../../../arm-none-eabi/lib/thumb/v7e-m+dp/hard\libc_nano.a(libc_a-stdio.o)
                              C:/Program Files/STM32CubeIDE_1.16.1/STM32CubeIDE/plugins/com.st.stm32cube.ide.mcu.externaltools.gnu-tools-for-stm32.12.3.rel1.win32_1.0.200.202406191623/tools/bin/../lib/gcc/arm-none-eabi/12.3.1/../../../../arm-none-eabi/lib/thumb/v7e-m+dp/hard\libc_nano.a(libc_a-findfp.o) (__sread)
C:/Program Files/STM32CubeIDE_1.16.1/STM32CubeIDE/plugins/com.st.stm32cube.ide.mcu.externaltools.gnu-tools-for-stm32.12.3.rel1.win32_1.0.200.202406191623/tools/bin/../lib/gcc/arm-none-eabi/12.3.1/../../../../arm-none-eabi/lib/thumb/v7e-m+dp/hard\libc_nano.a(libc_a-memset.o)
                              C:/Program Files/STM32CubeIDE_1.16.1/STM32CubeIDE/plugins/com.st.stm32cube.ide.mcu.externaltools.gnu-tools-for-stm32.12.3.rel1.win32_1.0.200.202406191623/tools/bin/../lib/gcc/arm-none-eabi/12.3.1/../../../../arm-none-eabi/lib/thumb/v7e-m+dp/hard/crt0.o (memset)
C:/Program Files/STM32CubeIDE_1.16.1/STM32CubeIDE/plugins/com.st.stm32cube.ide.mcu.externaltools.gnu-tools-for-stm32.12.3.rel1.win32_1.0.200.202406191623/tools/bin/../lib/gcc/arm-none-eabi/12.3.1/../../../../arm-none-eabi/lib/thumb/v7e-m+dp/hard\libc_nano.a(libc_a-closer.o)
                              C:/Program Files/STM32CubeIDE_1.16.1/STM32CubeIDE/plugins/com.st.stm32cube.ide.mcu.externaltools.gnu-tools-for-stm32.12.3.rel1.win32_1.0.200.202406191623/tools/bin/../lib/gcc/arm-none-eabi/12.3.1/../../../../arm-none-eabi/lib/thumb/v7e-m+dp/hard\libc_nano.a(libc_a-stdio.o) (_close_r)
C:/Program Files/STM32CubeIDE_1.16.1/STM32CubeIDE/plugins/com.st.stm32cube.ide.mcu.externaltools.gnu-tools-for-stm32.12.3.rel1.win32_1.0.200.202406191623/tools/bin/../lib/gcc/arm-none-eabi/12.3.1/../../../../arm-none-eabi/lib/thumb/v7e-m+dp/hard\libc_nano.a(libc_a-reent.o)
                              C:/Program Files/STM32CubeIDE_1.16.1/STM32CubeIDE/plugins/com.st.stm32cube.ide.mcu.externaltools.gnu-tools-for-stm32.12.3.rel1.win32_1.0.200.202406191623/tools/bin/../lib/gcc/arm-none-eabi/12.3.1/../../../../arm-none-eabi/lib/thumb/v7e-m+dp/hard\libc_nano.a(libc_a-closer.o) (errno)
C:/Program Files/STM32CubeIDE_1.16.1/STM32CubeIDE/plugins/com.st.stm32cube.ide.mcu.externaltools.gnu-tools-for-stm32.12.3.rel1.win32_1.0.200.202406191623/tools/bin/../lib/gcc/arm-none-eabi/12.3.1/../../../../arm-none-eabi/lib/thumb/v7e-m+dp/hard\libc_nano.a(libc_a-impure.o)
                              C:/Program Files/STM32CubeIDE_1.16.1/STM32CubeIDE/plugins/com.st.stm32cube.ide.mcu.externaltools.gnu-tools-for-stm32.12.3.rel1.win32_1.0.200.202406191623/tools/bin/../lib/gcc/arm-none-eabi/12.3.1/../../../../arm-none-eabi/lib/thumb/v7e-m+dp/hard\libc_nano.a(libc_a-reent.o) (_impure_ptr)
[...]
Memory Configuration

Name             Origin             Length             Attributes
FLASH            0x08000000         0x00200000         xr
DTCMRAM          0x20000000         0x00020000         xrw
RAM_D1           0x24000000         0x00080000         xrw
RAM_D2           0x30000000         0x00048000         xrw
RAM_D3           0x38000000         0x00010000         xrw
ITCMRAM          0x00000000         0x00010000         xrw
*default*        0x00000000         0xffffffff

Linker script and memory map

LOAD C:/Program Files/STM32CubeIDE_1.16.1/STM32CubeIDE/plugins/com.st.stm32cube.ide.mcu.externaltools.gnu-tools-for-stm32.12.3.rel1.win32_1.0.200.202406191623/tools/bin/../lib/gcc/arm-none-eabi/12.3.1/thumb/v7e-m+dp/hard/crti.o
LOAD C:/Program Files/STM32CubeIDE_1.16.1/STM32CubeIDE/plugins/com.st.stm32cube.ide.mcu.externaltools.gnu-tools-for-stm32.12.3.rel1.win32_1.0.200.202406191623/tools/bin/../lib/gcc/arm-none-eabi/12.3.1/thumb/v7e-m+dp/hard/crtbegin.o
LOAD C:/Program Files/STM32CubeIDE_1.16.1/STM32CubeIDE/plugins/com.st.stm32cube.ide.mcu.externaltools.gnu-tools-for-stm32.12.3.rel1.win32_1.0.200.202406191623/tools/bin/../lib/gcc/arm-none-eabi/12.3.1/../../../../arm-none-eabi/lib/thumb/v7e-m+dp/hard/crt0.o
LOAD ./Application/User/Core/main.o
LOAD ./Application/User/Core/stm32h7xx_hal_msp.o
LOAD ./Application/User/Core/stm32h7xx_it.o
LOAD ./Application/User/Core/syscalls.o
LOAD ./Application/User/Core/sysmem.o
LOAD ./Application/User/Startup/startup_stm32h753zitx.o
LOAD ./Drivers/CMSIS/system_stm32h7xx.o
LOAD ./Drivers/STM32H7xx_HAL_Driver/stm32h7xx_hal.o
LOAD ./Drivers/STM32H7xx_HAL_Driver/stm32h7xx_hal_cortex.o
LOAD ./Drivers/STM32H7xx_HAL_Driver/stm32h7xx_hal_dma.o
LOAD ./Drivers/STM32H7xx_HAL_Driver/stm32h7xx_hal_dma_ex.o
LOAD ./Drivers/STM32H7xx_HAL_Driver/stm32h7xx_hal_eth.o
LOAD ./Drivers/STM32H7xx_HAL_Driver/stm32h7xx_hal_eth_ex.o
LOAD ./Drivers/STM32H7xx_HAL_Driver/stm32h7xx_hal_exti.o
LOAD ./Drivers/STM32H7xx_HAL_Driver/stm32h7xx_hal_flash.o
LOAD ./Drivers/STM32H7xx_HAL_Driver/stm32h7xx_hal_flash_ex.o
LOAD ./Drivers/STM32H7xx_HAL_Driver/stm32h7xx_hal_gpio.o
LOAD ./Drivers/STM32H7xx_HAL_Driver/stm32h7xx_hal_hsem.o
LOAD ./Drivers/STM32H7xx_HAL_Driver/stm32h7xx_hal_i2c.o
LOAD ./Drivers/STM32H7xx_HAL_Driver/stm32h7xx_hal_i2c_ex.o
LOAD ./Drivers/STM32H7xx_HAL_Driver/stm32h7xx_hal_mdma.o
LOAD ./Drivers/STM32H7xx_HAL_Driver/stm32h7xx_hal_pcd.o
LOAD ./Drivers/STM32H7xx_HAL_Driver/stm32h7xx_hal_pcd_ex.o
LOAD ./Drivers/STM32H7xx_HAL_Driver/stm32h7xx_hal_pwr.o
LOAD ./Drivers/STM32H7xx_HAL_Driver/stm32h7xx_hal_pwr_ex.o
LOAD ./Drivers/STM32H7xx_HAL_Driver/stm32h7xx_hal_rcc.o
LOAD ./Drivers/STM32H7xx_HAL_Driver/stm32h7xx_hal_rcc_ex.o
LOAD ./Drivers/STM32H7xx_HAL_Driver/stm32h7xx_hal_tim.o
LOAD ./Drivers/STM32H7xx_HAL_Driver/stm32h7xx_hal_tim_ex.o
LOAD ./Drivers/STM32H7xx_HAL_Driver/stm32h7xx_hal_uart.o
LOAD ./Drivers/STM32H7xx_HAL_Driver/stm32h7xx_hal_uart_ex.o
LOAD ./Drivers/STM32H7xx_HAL_Driver/stm32h7xx_ll_usb.o
START GROUP
LOAD C:/Program Files/STM32CubeIDE_1.16.1/STM32CubeIDE/plugins/com.st.stm32cube.ide.mcu.externaltools.gnu-tools-for-stm32.12.3.rel1.win32_1.0.200.202406191623/tools/bin/../lib/gcc/arm-none-eabi/12.3.1/../../../../arm-none-eabi/lib/thumb/v7e-m+dp/hard\libc_nano.a
LOAD C:/Program Files/STM32CubeIDE_1.16.1/STM32CubeIDE/plugins/com.st.stm32cube.ide.mcu.externaltools.gnu-tools-for-stm32.12.3.rel1.win32_1.0.200.202406191623/tools/bin/../lib/gcc/arm-none-eabi/12.3.1/../../../../arm-none-eabi/lib/thumb/v7e-m+dp/hard\libm.a
END GROUP
START GROUP
LOAD C:/Program Files/STM32CubeIDE_1.16.1/STM32CubeIDE/plugins/com.st.stm32cube.ide.mcu.externaltools.gnu-tools-for-stm32.12.3.rel1.win32_1.0.200.202406191623/tools/bin/../lib/gcc/arm-none-eabi/12.3.1/thumb/v7e-m+dp/hard\libgcc.a
LOAD C:/Program Files/STM32CubeIDE_1.16.1/STM32CubeIDE/plugins/com.st.stm32cube.ide.mcu.externaltools.gnu-tools-for-stm32.12.3.rel1.win32_1.0.200.202406191623/tools/bin/../lib/gcc/arm-none-eabi/12.3.1/../../../../arm-none-eabi/lib/thumb/v7e-m+dp/hard\libc_nano.a
END GROUP
START GROUP
LOAD C:/Program Files/STM32CubeIDE_1.16.1/STM32CubeIDE/plugins/com.st.stm32cube.ide.mcu.externaltools.gnu-tools-for-stm32.12.3.rel1.win32_1.0.200.202406191623/tools/bin/../lib/gcc/arm-none-eabi/12.3.1/thumb/v7e-m+dp/hard\libgcc.a
LOAD C:/Program Files/STM32CubeIDE_1.16.1/STM32CubeIDE/plugins/com.st.stm32cube.ide.mcu.externaltools.gnu-tools-for-stm32.12.3.rel1.win32_1.0.200.202406191623/tools/bin/../lib/gcc/arm-none-eabi/12.3.1/../../../../arm-none-eabi/lib/thumb/v7e-m+dp/hard\libc_nano.a
LOAD C:/Program Files/STM32CubeIDE_1.16.1/STM32CubeIDE/plugins/com.st.stm32cube.ide.mcu.externaltools.gnu-tools-for-stm32.12.3.rel1.win32_1.0.200.202406191623/tools/bin/../lib/gcc/arm-none-eabi/12.3.1/../../../../arm-none-eabi/lib/thumb/v7e-m+dp/hard\libnosys.a
END GROUP
START GROUP
LOAD C:/Program Files/STM32CubeIDE_1.16.1/STM32CubeIDE/plugins/com.st.stm32cube.ide.mcu.externaltools.gnu-tools-for-stm32.12.3.rel1.win32_1.0.200.202406191623/tools/bin/../lib/gcc/arm-none-eabi/12.3.1/thumb/v7e-m+dp/hard\libgcc.a
LOAD C:/Program Files/STM32CubeIDE_1.16.1/STM32CubeIDE/plugins/com.st.stm32cube.ide.mcu.externaltools.gnu-tools-for-stm32.12.3.rel1.win32_1.0.200.202406191623/tools/bin/../lib/gcc/arm-none-eabi/12.3.1/../../../../arm-none-eabi/lib/thumb/v7e-m+dp/hard\libc_nano.a
LOAD C:/Program Files/STM32CubeIDE_1.16.1/STM32CubeIDE/plugins/com.st.stm32cube.ide.mcu.externaltools.gnu-tools-for-stm32.12.3.rel1.win32_1.0.200.202406191623/tools/bin/../lib/gcc/arm-none-eabi/12.3.1/../../../../arm-none-eabi/lib/thumb/v7e-m+dp/hard\libnosys.a
END GROUP
LOAD C:/Program Files/STM32CubeIDE_1.16.1/STM32CubeIDE/plugins/com.st.stm32cube.ide.mcu.externaltools.gnu-tools-for-stm32.12.3.rel1.win32_1.0.200.202406191623/tools/bin/../lib/gcc/arm-none-eabi/12.3.1/thumb/v7e-m+dp/hard/crtend.o
LOAD C:/Program Files/STM32CubeIDE_1.16.1/STM32CubeIDE/plugins/com.st.stm32cube.ide.mcu.externaltools.gnu-tools-for-stm32.12.3.rel1.win32_1.0.200.202406191623/tools/bin/../lib/gcc/arm-none-eabi/12.3.1/thumb/v7e-m+dp/hard/crtn.o
                0x24080000                        _estack = (ORIGIN (RAM_D1) + LENGTH (RAM_D1))
                0x00000200                        _Min_Heap_Size = 0x200
                0x00000400                        _Min_Stack_Size = 0x400

.isr_vector     0x08000000      0x298
                0x08000000                        . = ALIGN (0x4)
 *(.isr_vector)
 .isr_vector    0x08000000      0x298 ./Application/User/Startup/startup_stm32h753zitx.o
                0x08000000                g_pfnVectors
                0x08000298                        . = ALIGN (0x4)

.text           0x08000298     0x63ec
                0x08000298                        . = ALIGN (0x4)
 *(.text)
 .text          0x08000298       0x40 C:/Program Files/STM32CubeIDE_1.16.1/STM32CubeIDE/plugins/com.st.stm32cube.ide.mcu.externaltools.gnu-tools-for-stm32.12.3.rel1.win32_1.0.200.202406191623/tools/bin/../lib/gcc/arm-none-eabi/12.3.1/thumb/v7e-m+dp/hard/crtbegin.o
 .text          0x080002d8       0x30 C:/Program Files/STM32CubeIDE_1.16.1/STM32CubeIDE/plugins/com.st.stm32cube.ide.mcu.externaltools.gnu-tools-for-stm32.12.3.rel1.win32_1.0.200.202406191623/tools/bin/../lib/gcc/arm-none-eabi/12.3.1/thumb/v7e-m+dp/hard\libgcc.a(_aeabi_uldivmod.o)
                0x080002d8                __aeabi_uldivmod
 .text          0x08000308      0x2bc C:/Program Files/STM32CubeIDE_1.16.1/STM32CubeIDE/plugins/com.st.stm32cube.ide.mcu.externaltools.gnu-tools-for-stm32.12.3.rel1.win32_1.0.200.202406191623/tools/bin/../lib/gcc/arm-none-eabi/12.3.1/thumb/v7e-m+dp/hard\libgcc.a(_udivmoddi4.o)
                0x08000308                __udivmoddi4
 .text          0x080005c4        0x4 C:/Program Files/STM32CubeIDE_1.16.1/STM32CubeIDE/plugins/com.st.stm32cube.ide.mcu.externaltools.gnu-tools-for-stm32.12.3.rel1.win32_1.0.200.202406191623/tools/bin/../lib/gcc/arm-none-eabi/12.3.1/thumb/v7e-m+dp/hard\libgcc.a(_dvmd_tls.o)
                0x080005c4                __aeabi_idiv0
                0x080005c4                __aeabi_ldiv0
 *(.text*)
 .text.main     0x080005c8       0x48 ./Application/User/Core/main.o
                0x080005c8                main
 .text.SystemClock_Config
                0x08000610       0xfc ./Application/User/Core/main.o
                0x08000610                SystemClock_Config
 .text.MX_ETH_Init
                0x0800070c       0x98 ./Application/User/Core/main.o
 .text.MX_USART3_UART_Init
                0x080007a4       0x98 ./Application/User/Core/main.o
 .text.MX_USB_OTG_FS_PCD_Init
                0x0800083c       0x64 ./Application/User/Core/main.o
 .text.MX_GPIO_Init
                0x080008a0      0x1b8 ./Application/User/Core/main.o
 .text.Error_Handler
                0x08000a58        0xc ./Application/User/Core/main.o
                0x08000a58                Error_Handler
 .text.HAL_MspInit
                0x08000a64       0x34 ./Application/User/Core/stm32h7xx_hal_msp.o
                0x08000a64                HAL_MspInit
 .text.HAL_ETH_MspInit
                0x08000a98      0x19c ./Application/User/Core/stm32h7xx_hal_msp.o
                0x08000a98                HAL_ETH_MspInit
 .text.HAL_UART_MspInit
                0x08000c34       0xd4 ./Application/User/Core/stm32h7xx_hal_msp.o
                0x08000c34                HAL_UART_MspInit
 .text.HAL_PCD_MspInit
                0x08000d08       0xf8 ./Application/User/Core/stm32h7xx_hal_msp.o
                0x08000d08                HAL_PCD_MspInit
 .text.NMI_Handler
                0x08000e00        0x8 ./Application/User/Core/stm32h7xx_it.o
                0x08000e00                NMI_Handler
 .text.HardFault_Handler
                0x08000e08        0x8 ./Application/User/Core/stm32h7xx_it.o
                0x08000e08                HardFault_Handler
 .text.MemManage_Handler
                0x08000e10        0x8 ./Application/User/Core/stm32h7xx_it.o
                0x08000e10                MemManage_Handler
 .text.BusFault_Handler
                0x08000e18        0x8 ./Application/User/Core/stm32h7xx_it.o
                0x08000e18                BusFault_Handler
 .text.UsageFault_Handler
                0x08000e20        0x8 ./Application/User/Core/stm32h7xx_it.o
                0x08000e20                UsageFault_Handler
 .text.SVC_Handler
                0x08000e28        0xe ./Application/User/Core/stm32h7xx_it.o
                0x08000e28                SVC_Handler
 .text.DebugMon_Handler
                0x08000e36        0xe ./Application/User/Core/stm32h7xx_it.o
                0x08000e36                DebugMon_Handler
 .text.PendSV_Handler
                0x08000e44        0xe ./Application/User/Core/stm32h7xx_it.o
                0x08000e44                PendSV_Handler
 .text.SysTick_Handler
                0x08000e52        0xc ./Application/User/Core/stm32h7xx_it.o
                0x08000e52                SysTick_Handler
 *fill*         0x08000e5e        0x2 
 .text.Reset_Handler
                0x08000e60       0x50 ./Application/User/Startup/startup_stm32h753zitx.o
                0x08000e60                Reset_Handler
 .text.Default_Handler
                0x08000eb0        0x2 ./Application/User/Startup/startup_stm32h753zitx.o
                0x08000eb0                RTC_Alarm_IRQHandler
                0x08000eb0                HASH_RNG_IRQHandler
                0x08000eb0                EXTI2_IRQHandler
                0x08000eb0                TIM8_CC_IRQHandler
                0x08000eb0                HRTIM1_Master_IRQHandler
                0x08000eb0                UART8_IRQHandler
                0x08000eb0                SPI4_IRQHandler
                0x08000eb0                TIM1_CC_IRQHandler
                0x08000eb0                BDMA_Channel6_IRQHandler
                0x08000eb0                DMA2_Stream5_IRQHandler
                0x08000eb0                HRTIM1_FLT_IRQHandler
                0x08000eb0                JPEG_IRQHandler
                0x08000eb0                DMA1_Stream5_IRQHandler
                0x08000eb0                BDMA_Channel1_IRQHandler
                0x08000eb0                HRTIM1_TIMD_IRQHandler
                0x08000eb0                TAMP_STAMP_IRQHandler
                0x08000eb0                EXTI3_IRQHandler
                0x08000eb0                LPTIM4_IRQHandler
                0x08000eb0                TIM8_TRG_COM_TIM14_IRQHandler
                0x08000eb0                LPTIM2_IRQHandler
                0x08000eb0                DFSDM1_FLT1_IRQHandler
                0x08000eb0                DMAMUX2_OVR_IRQHandler
                0x08000eb0                TIM8_UP_TIM13_IRQHandler
                0x08000eb0                I2C3_ER_IRQHandler
                0x08000eb0                DFSDM1_FLT2_IRQHandler
                0x08000eb0                MDMA_IRQHandler
                0x08000eb0                LPTIM3_IRQHandler
                0x08000eb0                HSEM1_IRQHandler
                0x08000eb0                EXTI0_IRQHandler
                0x08000eb0                I2C2_EV_IRQHandler
                0x08000eb0                DMA1_Stream2_IRQHandler
                0x08000eb0                FPU_IRQHandler
                0x08000eb0                OTG_HS_WKUP_IRQHandler
                0x08000eb0                FDCAN1_IT1_IRQHandler
                0x08000eb0                LTDC_ER_IRQHandler
                0x08000eb0                DMA2_Stream2_IRQHandler
                0x08000eb0                HRTIM1_TIME_IRQHandler
                0x08000eb0                SPI1_IRQHandler
                0x08000eb0                TIM6_DAC_IRQHandler
                0x08000eb0                DCMI_IRQHandler
                0x08000eb0                HRTIM1_TIMC_IRQHandler
                0x08000eb0                DMA2_Stream3_IRQHandler
                0x08000eb0                SAI2_IRQHandler
                0x08000eb0                DFSDM1_FLT3_IRQHandler
                0x08000eb0                USART6_IRQHandler
                0x08000eb0                TIM17_IRQHandler
                0x08000eb0                USART3_IRQHandler
                0x08000eb0                BDMA_Channel7_IRQHandler
                0x08000eb0                CRYP_IRQHandler
                0x08000eb0                LPTIM5_IRQHandler
                0x08000eb0                UART5_IRQHandler
                0x08000eb0                ADC3_IRQHandler
                0x08000eb0                DMA2_Stream0_IRQHandler
                0x08000eb0                TIM4_IRQHandler
                0x08000eb0                BDMA_Channel2_IRQHandler
                0x08000eb0                QUADSPI_IRQHandler
                0x08000eb0                I2C1_EV_IRQHandler
                0x08000eb0                DMA1_Stream6_IRQHandler
                0x08000eb0                DMAMUX1_OVR_IRQHandler
                0x08000eb0                DMA1_Stream1_IRQHandler
                0x08000eb0                TIM16_IRQHandler
                0x08000eb0                UART4_IRQHandler
                0x08000eb0                BDMA_Channel5_IRQHandler
                0x08000eb0                TIM3_IRQHandler
                0x08000eb0                RCC_IRQHandler
                0x08000eb0                TIM8_BRK_TIM12_IRQHandler
                0x08000eb0                TIM1_TRG_COM_IRQHandler
                0x08000eb0                Default_Handler
                0x08000eb0                ECC_IRQHandler
                0x08000eb0                CEC_IRQHandler
                0x08000eb0                EXTI15_10_IRQHandler
                0x08000eb0                BDMA_Channel0_IRQHandler
                0x08000eb0                ADC_IRQHandler
                0x08000eb0                DMA1_Stream7_IRQHandler
                0x08000eb0                HRTIM1_TIMA_IRQHandler
                0x08000eb0                SPI5_IRQHandler
                0x08000eb0                TIM7_IRQHandler
                0x08000eb0                SDMMC1_IRQHandler
                0x08000eb0                TIM5_IRQHandler
                0x08000eb0                DMA2_Stream7_IRQHandler
                0x08000eb0                TIM15_IRQHandler
                0x08000eb0                PVD_AVD_IRQHandler
                0x08000eb0                I2C3_EV_IRQHandler
                0x08000eb0                EXTI9_5_IRQHandler
                0x08000eb0                RTC_WKUP_IRQHandler
                0x08000eb0                LTDC_IRQHandler
                0x08000eb0                SAI3_IRQHandler
                0x08000eb0                ETH_WKUP_IRQHandler
                0x08000eb0                SPDIF_RX_IRQHandler
                0x08000eb0                SPI2_IRQHandler
                0x08000eb0                OTG_HS_EP1_IN_IRQHandler
                0x08000eb0                DMA1_Stream0_IRQHandler
                0x08000eb0                CRS_IRQHandler
                0x08000eb0                EXTI4_IRQHandler
                0x08000eb0                HRTIM1_TIMB_IRQHandler
                0x08000eb0                FDCAN2_IT1_IRQHandler
                0x08000eb0                ETH_IRQHandler
                0x08000eb0                TIM1_UP_IRQHandler
                0x08000eb0                BDMA_Channel4_IRQHandler
                0x08000eb0                OTG_HS_EP1_OUT_IRQHandler
                0x08000eb0                WWDG_IRQHandler
                0x08000eb0                SPI6_IRQHandler
                0x08000eb0                MDIOS_IRQHandler
                0x08000eb0                I2C4_EV_IRQHandler
                0x08000eb0                FDCAN2_IT0_IRQHandler
                0x08000eb0                LPUART1_IRQHandler
                0x08000eb0                FDCAN1_IT0_IRQHandler
                0x08000eb0                TIM2_IRQHandler
                0x08000eb0                OTG_FS_WKUP_IRQHandler
                0x08000eb0                OTG_HS_IRQHandler
                0x08000eb0                DMA2D_IRQHandler
                0x08000eb0                TIM1_BRK_IRQHandler
                0x08000eb0                EXTI1_IRQHandler
                0x08000eb0                SDMMC2_IRQHandler
                0x08000eb0                OTG_FS_EP1_OUT_IRQHandler
                0x08000eb0                BDMA_Channel3_IRQHandler
                0x08000eb0                UART7_IRQHandler
                0x08000eb0                MDIOS_WKUP_IRQHandler
                0x08000eb0                USART2_IRQHandler
                0x08000eb0                DFSDM1_FLT0_IRQHandler
                0x08000eb0                SAI4_IRQHandler
                0x08000eb0                I2C2_ER_IRQHandler
                0x08000eb0                DMA2_Stream1_IRQHandler
                0x08000eb0                FLASH_IRQHandler
                0x08000eb0                DMA2_Stream4_IRQHandler
                0x08000eb0                USART1_IRQHandler
                0x08000eb0                OTG_FS_IRQHandler
                0x08000eb0                SPI3_IRQHandler
                0x08000eb0                WAKEUP_PIN_IRQHandler
                0x08000eb0                DMA1_Stream4_IRQHandler
                0x08000eb0                OTG_FS_EP1_IN_IRQHandler
                0x08000eb0                I2C1_ER_IRQHandler
                0x08000eb0                FMC_IRQHandler
                0x08000eb0                FDCAN_CAL_IRQHandler
                0x08000eb0                SWPMI1_IRQHandler
                0x08000eb0                COMP1_IRQHandler
                0x08000eb0                LPTIM1_IRQHandler
                0x08000eb0                I2C4_ER_IRQHandler
                0x08000eb0                DMA2_Stream6_IRQHandler
                0x08000eb0                SAI1_IRQHandler
                0x08000eb0                DMA1_Stream3_IRQHandler
 *fill*         0x08000eb2        0x2 
 .text.SystemInit
                0x08000eb4      0x110 ./Drivers/CMSIS/system_stm32h7xx.o
                0x08000eb4                SystemInit
 .text.HAL_Init
                0x08000fc4       0x78 ./Drivers/STM32H7xx_HAL_Driver/stm32h7xx_hal.o
                0x08000fc4                HAL_Init
 .text.HAL_InitTick
                0x0800103c       0x6c ./Drivers/STM32H7xx_HAL_Driver/stm32h7xx_hal.o
                0x0800103c                HAL_InitTick
 .text.HAL_IncTick
                0x080010a8       0x28 ./Drivers/STM32H7xx_HAL_Driver/stm32h7xx_hal.o
                0x080010a8                HAL_IncTick
 .text.HAL_GetTick
                0x080010d0       0x18 ./Drivers/STM32H7xx_HAL_Driver/stm32h7xx_hal.o
                0x080010d0                HAL_GetTick
 .text.HAL_Delay
                0x080010e8       0x48 ./Drivers/STM32H7xx_HAL_Driver/stm32h7xx_hal.o
                0x080010e8                HAL_Delay
 .text.HAL_GetREVID
                0x08001130       0x18 ./Drivers/STM32H7xx_HAL_Driver/stm32h7xx_hal.o
                0x08001130                HAL_GetREVID
 .text.HAL_SYSCFG_ETHInterfaceSelect
                0x08001148       0x28 ./Drivers/STM32H7xx_HAL_Driver/stm32h7xx_hal.o
                0x08001148                HAL_SYSCFG_ETHInterfaceSelect
 .text.__NVIC_SetPriorityGrouping
                0x08001170       0x48 ./Drivers/STM32H7xx_HAL_Driver/stm32h7xx_hal_cortex.o
 .text.__NVIC_GetPriorityGrouping
                0x080011b8       0x1c ./Drivers/STM32H7xx_HAL_Driver/stm32h7xx_hal_cortex.o
 .text.__NVIC_SetPriority
                0x080011d4       0x54 ./Drivers/STM32H7xx_HAL_Driver/stm32h7xx_hal_cortex.o
 .text.NVIC_EncodePriority
                0x08001228       0x66 ./Drivers/STM32H7xx_HAL_Driver/stm32h7xx_hal_cortex.o
 *fill*         0x0800128e        0x2 
 .text.SysTick_Config
                0x08001290       0x44 ./Drivers/STM32H7xx_HAL_Driver/stm32h7xx_hal_cortex.o
 .text.HAL_NVIC_SetPriorityGrouping
                0x080012d4       0x16 ./Drivers/STM32H7xx_HAL_Driver/stm32h7xx_hal_cortex.o
                0x080012d4                HAL_NVIC_SetPriorityGrouping
 .text.HAL_NVIC_SetPriority
                0x080012ea       0x34 ./Drivers/STM32H7xx_HAL_Driver/stm32h7xx_hal_cortex.o
                0x080012ea                HAL_NVIC_SetPriority
 .text.HAL_SYSTICK_Config
                0x0800131e       0x18 ./Drivers/STM32H7xx_HAL_Driver/stm32h7xx_hal_cortex.o
                0x0800131e                HAL_SYSTICK_Config
 *fill*         0x08001336        0x2 
 .text.HAL_ETH_Init
                0x08001338      0x1fc ./Drivers/STM32H7xx_HAL_Driver/stm32h7xx_hal_eth.o
                0x08001338                HAL_ETH_Init
 .text.HAL_ETH_SetMDIOClockRange
                0x08001534       0xa0 ./Drivers/STM32H7xx_HAL_Driver/stm32h7xx_hal_eth.o
                0x08001534                HAL_ETH_SetMDIOClockRange
 .text.ETH_SetMACConfig
                0x080015d4      0x238 ./Drivers/STM32H7xx_HAL_Driver/stm32h7xx_hal_eth.o
 .text.ETH_SetDMAConfig
                0x0800180c      0x10c ./Drivers/STM32H7xx_HAL_Driver/stm32h7xx_hal_eth.o
 .text.ETH_MACDMAConfig
                0x08001918      0x13a ./Drivers/STM32H7xx_HAL_Driver/stm32h7xx_hal_eth.o
 .text.ETH_DMATxDescListInit
                0x08001a52       0x92 ./Drivers/STM32H7xx_HAL_Driver/stm32h7xx_hal_eth.o
 .text.ETH_DMARxDescListInit
                0x08001ae4       0xba ./Drivers/STM32H7xx_HAL_Driver/stm32h7xx_hal_eth.o
 *fill*         0x08001b9e        0x2 
 .text.HAL_GPIO_Init
                0x08001ba0      0x360 ./Drivers/STM32H7xx_HAL_Driver/stm32h7xx_hal_gpio.o
                0x08001ba0                HAL_GPIO_Init
 .text.HAL_GPIO_WritePin
                0x08001f00       0x32 ./Drivers/STM32H7xx_HAL_Driver/stm32h7xx_hal_gpio.o
                0x08001f00                HAL_GPIO_WritePin
 .text.HAL_PCD_Init
                0x08001f32      0x218 ./Drivers/STM32H7xx_HAL_Driver/stm32h7xx_hal_pcd.o
                0x08001f32                HAL_PCD_Init
 *fill*         0x0800214a        0x2 
 .text.HAL_PCDEx_ActivateLPM
                0x0800214c       0x48 ./Drivers/STM32H7xx_HAL_Driver/stm32h7xx_hal_pcd_ex.o
                0x0800214c                HAL_PCDEx_ActivateLPM
 .text.HAL_PWREx_ConfigSupply
                0x08002194       0x74 ./Drivers/STM32H7xx_HAL_Driver/stm32h7xx_hal_pwr_ex.o
                0x08002194                HAL_PWREx_ConfigSupply
 .text.HAL_PWREx_EnableUSBVoltageDetector
                0x08002208       0x20 ./Drivers/STM32H7xx_HAL_Driver/stm32h7xx_hal_pwr_ex.o
                0x08002208                HAL_PWREx_EnableUSBVoltageDetector
 .text.HAL_RCC_OscConfig
                0x08002228      0x8b4 ./Drivers/STM32H7xx_HAL_Driver/stm32h7xx_hal_rcc.o
                0x08002228                HAL_RCC_OscConfig
 .text.HAL_RCC_ClockConfig
                0x08002adc      0x36c ./Drivers/STM32H7xx_HAL_Driver/stm32h7xx_hal_rcc.o
                0x08002adc                HAL_RCC_ClockConfig
 .text.HAL_RCC_GetSysClockFreq
                0x08002e48      0x2f4 ./Drivers/STM32H7xx_HAL_Driver/stm32h7xx_hal_rcc.o
                0x08002e48                HAL_RCC_GetSysClockFreq
 .text.HAL_RCC_GetHCLKFreq
                0x0800313c       0x60 ./Drivers/STM32H7xx_HAL_Driver/stm32h7xx_hal_rcc.o
                0x0800313c                HAL_RCC_GetHCLKFreq
 .text.HAL_RCC_GetPCLK1Freq
                0x0800319c       0x2c ./Drivers/STM32H7xx_HAL_Driver/stm32h7xx_hal_rcc.o
                0x0800319c                HAL_RCC_GetPCLK1Freq
 .text.HAL_RCC_GetPCLK2Freq
                0x080031c8       0x2c ./Drivers/STM32H7xx_HAL_Driver/stm32h7xx_hal_rcc.o
                0x080031c8                HAL_RCC_GetPCLK2Freq
 .text.HAL_RCCEx_PeriphCLKConfig
                0x080031f4     0x1414 ./Drivers/STM32H7xx_HAL_Driver/stm32h7xx_hal_rcc_ex.o
                0x080031f4                HAL_RCCEx_PeriphCLKConfig
 .text.HAL_RCCEx_GetD3PCLK1Freq
                0x08004608       0x2c ./Drivers/STM32H7xx_HAL_Driver/stm32h7xx_hal_rcc_ex.o
                0x08004608                HAL_RCCEx_GetD3PCLK1Freq
 .text.HAL_RCCEx_GetPLL2ClockFreq
                0x08004634      0x2a8 ./Drivers/STM32H7xx_HAL_Driver/stm32h7xx_hal_rcc_ex.o
                0x08004634                HAL_RCCEx_GetPLL2ClockFreq
 .text.HAL_RCCEx_GetPLL3ClockFreq
                0x080048dc      0x2a8 ./Drivers/STM32H7xx_HAL_Driver/stm32h7xx_hal_rcc_ex.o
                0x080048dc                HAL_RCCEx_GetPLL3ClockFreq
 .text.RCCEx_PLL2_Config
                0x08004b84      0x164 ./Drivers/STM32H7xx_HAL_Driver/stm32h7xx_hal_rcc_ex.o
 .text.RCCEx_PLL3_Config
                0x08004ce8      0x164 ./Drivers/STM32H7xx_HAL_Driver/stm32h7xx_hal_rcc_ex.o
 .text.HAL_UART_Init
                0x08004e4c       0xa0 ./Drivers/STM32H7xx_HAL_Driver/stm32h7xx_hal_uart.o
                0x08004e4c                HAL_UART_Init
 .text.UART_SetConfig
                0x08004eec      0xad0 ./Drivers/STM32H7xx_HAL_Driver/stm32h7xx_hal_uart.o
                0x08004eec                UART_SetConfig
 .text.UART_AdvFeatureConfig
                0x080059bc      0x144 ./Drivers/STM32H7xx_HAL_Driver/stm32h7xx_hal_uart.o
                0x080059bc                UART_AdvFeatureConfig
 .text.UART_CheckIdleState
                0x08005b00      0x154 ./Drivers/STM32H7xx_HAL_Driver/stm32h7xx_hal_uart.o
                0x08005b00                UART_CheckIdleState
 .text.UART_WaitOnFlagUntilTimeout
                0x08005c54       0xda ./Drivers/STM32H7xx_HAL_Driver/stm32h7xx_hal_uart.o
                0x08005c54                UART_WaitOnFlagUntilTimeout
 *fill*         0x08005d2e        0x2 
 .text.UART_EndRxTransfer
                0x08005d30       0xcc ./Drivers/STM32H7xx_HAL_Driver/stm32h7xx_hal_uart.o
 .text.HAL_UARTEx_DisableFifoMode
                0x08005dfc       0x72 ./Drivers/STM32H7xx_HAL_Driver/stm32h7xx_hal_uart_ex.o
                0x08005dfc                HAL_UARTEx_DisableFifoMode
 .text.HAL_UARTEx_SetTxFifoThreshold
                0x08005e6e       0x7c ./Drivers/STM32H7xx_HAL_Driver/stm32h7xx_hal_uart_ex.o
                0x08005e6e                HAL_UARTEx_SetTxFifoThreshold
 .text.HAL_UARTEx_SetRxFifoThreshold
                0x08005eea       0x7c ./Drivers/STM32H7xx_HAL_Driver/stm32h7xx_hal_uart_ex.o
                0x08005eea                HAL_UARTEx_SetRxFifoThreshold
 *fill*         0x08005f66        0x2 
 .text.UARTEx_SetNbDataToProcess
                0x08005f68       0x9c ./Drivers/STM32H7xx_HAL_Driver/stm32h7xx_hal_uart_ex.o
 .text.USB_CoreInit
                0x08006004       0xe4 ./Drivers/STM32H7xx_HAL_Driver/stm32h7xx_ll_usb.o
                0x08006004                USB_CoreInit
 .text.USB_DisableGlobalInt
                0x080060e8       0x22 ./Drivers/STM32H7xx_HAL_Driver/stm32h7xx_ll_usb.o
                0x080060e8                USB_DisableGlobalInt
 .text.USB_SetCurrentMode
                0x0800610a       0x98 ./Drivers/STM32H7xx_HAL_Driver/stm32h7xx_ll_usb.o
                0x0800610a                USB_SetCurrentMode
 *fill*         0x080061a2        0x2 
 .text.USB_DevInit
                0x080061a4      0x2bc ./Drivers/STM32H7xx_HAL_Driver/stm32h7xx_ll_usb.o
                0x080061a4                USB_DevInit
 .text.USB_FlushTxFifo
                0x08006460       0x64 ./Drivers/STM32H7xx_HAL_Driver/stm32h7xx_ll_usb.o
                0x08006460                USB_FlushTxFifo
 .text.USB_FlushRxFifo
                0x080064c4       0x5c ./Drivers/STM32H7xx_HAL_Driver/stm32h7xx_ll_usb.o
                0x080064c4                USB_FlushRxFifo
 .text.USB_SetDevSpeed
                0x08006520       0x32 ./Drivers/STM32H7xx_HAL_Driver/stm32h7xx_ll_usb.o
                0x08006520                USB_SetDevSpeed
 .text.USB_DevDisconnect
                0x08006552       0x42 ./Drivers/STM32H7xx_HAL_Driver/stm32h7xx_ll_usb.o
                0x08006552                USB_DevDisconnect
 .text.USB_GetMode
                0x08006594       0x1c ./Drivers/STM32H7xx_HAL_Driver/stm32h7xx_ll_usb.o
                0x08006594                USB_GetMode
 .text.USB_CoreReset
                0x080065b0       0x62 ./Drivers/STM32H7xx_HAL_Driver/stm32h7xx_ll_usb.o
 .text.memset   0x08006612       0x10 C:/Program Files/STM32CubeIDE_1.16.1/STM32CubeIDE/plugins/com.st.stm32cube.ide.mcu.externaltools.gnu-tools-for-stm32.12.3.rel1.win32_1.0.200.202406191623/tools/bin/../lib/gcc/arm-none-eabi/12.3.1/../../../../arm-none-eabi/lib/thumb/v7e-m+dp/hard\libc_nano.a(libc_a-memset.o)
                0x08006612                memset
 *fill*         0x08006622        0x2 
 .text.__libc_init_array
                0x08006624       0x48 C:/Program Files/STM32CubeIDE_1.16.1/STM32CubeIDE/plugins/com.st.stm32cube.ide.mcu.externaltools.gnu-tools-for-stm32.12.3.rel1.win32_1.0.200.202406191623/tools/bin/../lib/gcc/arm-none-eabi/12.3.1/../../../../arm-none-eabi/lib/thumb/v7e-m+dp/hard\libc_nano.a(libc_a-init.o)
                0x08006624                __libc_init_array
 *(.glue_7)
 .glue_7        0x0800666c        0x0 linker stubs
 *(.glue_7t)
 .glue_7t       0x0800666c        0x0 linker stubs
 *(.eh_frame)
 .eh_frame      0x0800666c        0x0 C:/Program Files/STM32CubeIDE_1.16.1/STM32CubeIDE/plugins/com.st.stm32cube.ide.mcu.externaltools.gnu-tools-for-stm32.12.3.rel1.win32_1.0.200.202406191623/tools/bin/../lib/gcc/arm-none-eabi/12.3.1/thumb/v7e-m+dp/hard/crtbegin.o
 *(.init)
 .init          0x0800666c        0x4 C:/Program Files/STM32CubeIDE_1.16.1/STM32CubeIDE/plugins/com.st.stm32cube.ide.mcu.externaltools.gnu-tools-for-stm32.12.3.rel1.win32_1.0.200.202406191623/tools/bin/../lib/gcc/arm-none-eabi/12.3.1/thumb/v7e-m+dp/hard/crti.o
                0x0800666c                _init
 .init          0x08006670        0x8 C:/Program Files/STM32CubeIDE_1.16.1/STM32CubeIDE/plugins/com.st.stm32cube.ide.mcu.externaltools.gnu-tools-for-stm32.12.3.rel1.win32_1.0.200.202406191623/tools/bin/../lib/gcc/arm-none-eabi/12.3.1/thumb/v7e-m+dp/hard/crtn.o
 *(.fini)
 .fini          0x08006678        0x4 C:/Program Files/STM32CubeIDE_1.16.1/STM32CubeIDE/plugins/com.st.stm32cube.ide.mcu.externaltools.gnu-tools-for-stm32.12.3.rel1.win32_1.0.200.202406191623/tools/bin/../lib/gcc/arm-none-eabi/12.3.1/thumb/v7e-m+dp/hard/crti.o
                0x08006678                _fini
 .fini          0x0800667c        0x8 C:/Program Files/STM32CubeIDE_1.16.1/STM32CubeIDE/plugins/com.st.stm32cube.ide.mcu.externaltools.gnu-tools-for-stm32.12.3.rel1.win32_1.0.200.202406191623/tools/bin/../lib/gcc/arm-none-eabi/12.3.1/thumb/v7e-m+dp/hard/crtn.o
                0x08006684                        . = ALIGN (0x4)
                0x08006684                        _etext = .

.vfp11_veneer   0x08006684        0x0
 .vfp11_veneer  0x08006684        0x0 linker stubs

.v4_bx          0x08006684        0x0
 .v4_bx         0x08006684        0x0 linker stubs

.iplt           0x08006684        0x0
 .iplt          0x08006684        0x0 C:/Program Files/STM32CubeIDE_1.16.1/STM32CubeIDE/plugins/com.st.stm32cube.ide.mcu.externaltools.gnu-tools-for-stm32.12.3.rel1.win32_1.0.200.202406191623/tools/bin/../lib/gcc/arm-none-eabi/12.3.1/thumb/v7e-m+dp/hard/crtbegin.o

.rodata         0x08006684       0x38
                0x08006684                        . = ALIGN (0x4)
 *(.rodata)
 *(.rodata*)
 .rodata.D1CorePrescTable
                0x08006684       0x10 ./Drivers/CMSIS/system_stm32h7xx.o
                0x08006684                D1CorePrescTable
 .rodata.UARTPrescTable
                0x08006694       0x18 ./Drivers/STM32H7xx_HAL_Driver/stm32h7xx_hal_uart.o
                0x08006694                UARTPrescTable
 .rodata.numerator.1
                0x080066ac        0x8 ./Drivers/STM32H7xx_HAL_Driver/stm32h7xx_hal_uart_ex.o
 .rodata.denominator.0
                0x080066b4        0x8 ./Drivers/STM32H7xx_HAL_Driver/stm32h7xx_hal_uart_ex.o
                0x080066bc                        . = ALIGN (0x4)

.ARM.extab
 *(.ARM.extab* .gnu.linkonce.armextab.*)

.ARM            0x080066bc        0x8
                0x080066bc                        __exidx_start = .
 *(.ARM.exidx*)
 .ARM.exidx     0x080066bc        0x8 C:/Program Files/STM32CubeIDE_1.16.1/STM32CubeIDE/plugins/com.st.stm32cube.ide.mcu.externaltools.gnu-tools-for-stm32.12.3.rel1.win32_1.0.200.202406191623/tools/bin/../lib/gcc/arm-none-eabi/12.3.1/thumb/v7e-m+dp/hard\libgcc.a(_udivmoddi4.o)
                0x080066c4                        __exidx_end = .

.preinit_array  0x080066c4        0x0
                0x080066c4                        PROVIDE (__preinit_array_start = .)
 *(.preinit_array*)
                0x080066c4                        PROVIDE (__preinit_array_end = .)

.init_array     0x080066c4        0x4
                0x080066c4                        PROVIDE (__init_array_start = .)
 *(SORT_BY_NAME(.init_array.*))
 *(.init_array*)
 .init_array    0x080066c4        0x4 C:/Program Files/STM32CubeIDE_1.16.1/STM32CubeIDE/plugins/com.st.stm32cube.ide.mcu.externaltools.gnu-tools-for-stm32.12.3.rel1.win32_1.0.200.202406191623/tools/bin/../lib/gcc/arm-none-eabi/12.3.1/thumb/v7e-m+dp/hard/crtbegin.o
                0x080066c8                        PROVIDE (__init_array_end = .)

.fini_array     0x080066c8        0x4
                [!provide]                        PROVIDE (__fini_array_start = .)
 *(SORT_BY_NAME(.fini_array.*))
 *(.fini_array*)
 .fini_array    0x080066c8        0x4 C:/Program Files/STM32CubeIDE_1.16.1/STM32CubeIDE/plugins/com.st.stm32cube.ide.mcu.externaltools.gnu-tools-for-stm32.12.3.rel1.win32_1.0.200.202406191623/tools/bin/../lib/gcc/arm-none-eabi/12.3.1/thumb/v7e-m+dp/hard/crtbegin.o
                [!provide]                        PROVIDE (__fini_array_end = .)
                0x080066cc                        _sidata = LOADADDR (.data)

.rel.dyn        0x080066cc        0x0
 .rel.iplt      0x080066cc        0x0 C:/Program Files/STM32CubeIDE_1.16.1/STM32CubeIDE/plugins/com.st.stm32cube.ide.mcu.externaltools.gnu-tools-for-stm32.12.3.rel1.win32_1.0.200.202406191623/tools/bin/../lib/gcc/arm-none-eabi/12.3.1/thumb/v7e-m+dp/hard/crtbegin.o

.data           0x24000000       0x10 load address 0x080066cc
                0x24000000                        . = ALIGN (0x4)
                0x24000000                        _sdata = .
 *(.data)
 *(.data*)
 .data.SystemCoreClock
                0x24000000        0x4 ./Drivers/CMSIS/system_stm32h7xx.o
                0x24000000                SystemCoreClock
 .data.SystemD2Clock
                0x24000004        0x4 ./Drivers/CMSIS/system_stm32h7xx.o
                0x24000004                SystemD2Clock
 .data.uwTickPrio
                0x24000008        0x4 ./Drivers/STM32H7xx_HAL_Driver/stm32h7xx_hal.o
                0x24000008                uwTickPrio
 .data.uwTickFreq
                0x2400000c        0x1 ./Drivers/STM32H7xx_HAL_Driver/stm32h7xx_hal.o
                0x2400000c                uwTickFreq
 *(.RamFunc)
 *(.RamFunc*)
                0x24000010                        . = ALIGN (0x4)
 *fill*         0x2400000d        0x3 
                0x24000010                        _edata = .

.igot.plt       0x24000010        0x0 load address 0x080066dc
 .igot.plt      0x24000010        0x0 C:/Program Files/STM32CubeIDE_1.16.1/STM32CubeIDE/plugins/com.st.stm32cube.ide.mcu.externaltools.gnu-tools-for-stm32.12.3.rel1.win32_1.0.200.202406191623/tools/bin/../lib/gcc/arm-none-eabi/12.3.1/thumb/v7e-m+dp/hard/crtbegin.o

.RxDecripSection
                0x24000010       0x60 load address 0x080066dc
 .RxDecripSection
                0x24000010       0x60 ./Application/User/Core/main.o
                0x24000010                DMARxDscrTab

.TxDecripSection
                0x24000070       0x60 load address 0x0800673c
 .TxDecripSection
                0x24000070       0x60 ./Application/User/Core/main.o
                0x24000070                DMATxDscrTab
                0x240000d0                        . = ALIGN (0x4)

.bss            0x240000d0      0x688 load address 0x0800679c
                0x240000d0                        _sbss = .
                0x240000d0                        __bss_start__ = _sbss
 *(.bss)
 .bss           0x240000d0       0x1c C:/Program Files/STM32CubeIDE_1.16.1/STM32CubeIDE/plugins/com.st.stm32cube.ide.mcu.externaltools.gnu-tools-for-stm32.12.3.rel1.win32_1.0.200.202406191623/tools/bin/../lib/gcc/arm-none-eabi/12.3.1/thumb/v7e-m+dp/hard/crtbegin.o
 *(.bss*)
 .bss.TxConfig  0x240000ec       0x38 ./Application/User/Core/main.o
                0x240000ec                TxConfig
 .bss.heth      0x24000124       0xb0 ./Application/User/Core/main.o
                0x24000124                heth
 .bss.huart3    0x240001d4       0x94 ./Application/User/Core/main.o
                0x240001d4                huart3
 .bss.hpcd_USB_OTG_FS
                0x24000268      0x4e4 ./Application/User/Core/main.o
                0x24000268                hpcd_USB_OTG_FS
 .bss.MACAddr.0
                0x2400074c        0x6 ./Application/User/Core/main.o
 *fill*         0x24000752        0x2 
 .bss.uwTick    0x24000754        0x4 ./Drivers/STM32H7xx_HAL_Driver/stm32h7xx_hal.o
                0x24000754                uwTick
 *(COMMON)
                0x24000758                        . = ALIGN (0x4)
                0x24000758                        _ebss = .
                0x24000758                        __bss_end__ = _ebss

._user_heap_stack
                0x24000758      0x600 load address 0x0800679c
                0x24000758                        . = ALIGN (0x8)
                [!provide]                        PROVIDE (end = .)
                0x24000758                        PROVIDE (_end = .)
                0x24000958                        . = (. + _Min_Heap_Size)
 *fill*         0x24000758      0x200 
                0x24000d58                        . = (. + _Min_Stack_Size)
 *fill*         0x24000958      0x400 
                0x24000d58                        . = ALIGN (0x8)

/DISCARD/
 libc.a(*)
 libm.a(*)
 libgcc.a(*)

.ARM.attributes
                0x00000000       0x2e
 *(.ARM.attributes)
 .ARM.attributes
                0x00000000       0x20 C:/Program Files/STM32CubeIDE_1.16.1/STM32CubeIDE/plugins/com.st.stm32cube.ide.mcu.externaltools.gnu-tools-for-stm32.12.3.rel1.win32_1.0.200.202406191623/tools/bin/../lib/gcc/arm-none-eabi/12.3.1/thumb/v7e-m+dp/hard/crti.o
 .ARM.attributes
                0x00000020       0x32 C:/Program Files/STM32CubeIDE_1.16.1/STM32CubeIDE/plugins/com.st.stm32cube.ide.mcu.externaltools.gnu-tools-for-stm32.12.3.rel1.win32_1.0.200.202406191623/tools/bin/../lib/gcc/arm-none-eabi/12.3.1/thumb/v7e-m+dp/hard/crtbegin.o
 .ARM.attributes
                0x00000052       0x32 ./Application/User/Core/main.o
 .ARM.attributes
                0x00000084       0x32 ./Application/User/Core/stm32h7xx_hal_msp.o
 .ARM.attributes
                0x000000b6       0x32 ./Application/User/Core/stm32h7xx_it.o
 .ARM.attributes
                0x000000e8       0x21 ./Application/User/Startup/startup_stm32h753zitx.o
 .ARM.attributes
                0x00000109       0x32 ./Drivers/CMSIS/system_stm32h7xx.o
 .ARM.attributes
                0x0000013b       0x32 ./Drivers/STM32H7xx_HAL_Driver/stm32h7xx_hal.o
 .ARM.attributes
                0x0000016d       0x32 ./Drivers/STM32H7xx_HAL_Driver/stm32h7xx_hal_cortex.o
 .ARM.attributes
                0x0000019f       0x32 ./Drivers/STM32H7xx_HAL_Driver/stm32h7xx_hal_eth.o
 .ARM.attributes
                0x000001d1       0x32 ./Drivers/STM32H7xx_HAL_Driver/stm32h7xx_hal_gpio.o
 .ARM.attributes
                0x00000203       0x32 ./Drivers/STM32H7xx_HAL_Driver/stm32h7xx_hal_pcd.o
 .ARM.attributes
                0x00000235       0x32 ./Drivers/STM32H7xx_HAL_Driver/stm32h7xx_hal_pcd_ex.o
 .ARM.attributes
                0x00000267       0x32 ./Drivers/STM32H7xx_HAL_Driver/stm32h7xx_hal_pwr_ex.o
 .ARM.attributes
                0x00000299       0x32 ./Drivers/STM32H7xx_HAL_Driver/stm32h7xx_hal_rcc.o
 .ARM.attributes
                0x000002cb       0x32 ./Drivers/STM32H7xx_HAL_Driver/stm32h7xx_hal_rcc_ex.o
 .ARM.attributes
                0x000002fd       0x32 ./Drivers/STM32H7xx_HAL_Driver/stm32h7xx_hal_uart.o
 .ARM.attributes
                0x0000032f       0x32 ./Drivers/STM32H7xx_HAL_Driver/stm32h7xx_hal_uart_ex.o
 .ARM.attributes
                0x00000361       0x32 ./Drivers/STM32H7xx_HAL_Driver/stm32h7xx_ll_usb.o
 .ARM.attributes
                0x00000393       0x32 C:/Program Files/STM32CubeIDE_1.16.1/STM32CubeIDE/plugins/com.st.stm32cube.ide.mcu.externaltools.gnu-tools-for-stm32.12.3.rel1.win32_1.0.200.202406191623/tools/bin/../lib/gcc/arm-none-eabi/12.3.1/../../../../arm-none-eabi/lib/thumb/v7e-m+dp/hard\libc_nano.a(libc_a-memset.o)
 .ARM.attributes
                0x000003c5       0x32 C:/Program Files/STM32CubeIDE_1.16.1/STM32CubeIDE/plugins/com.st.stm32cube.ide.mcu.externaltools.gnu-tools-for-stm32.12.3.rel1.win32_1.0.200.202406191623/tools/bin/../lib/gcc/arm-none-eabi/12.3.1/../../../../arm-none-eabi/lib/thumb/v7e-m+dp/hard\libc_nano.a(libc_a-init.o)
 .ARM.attributes
                0x000003f7       0x20 C:/Program Files/STM32CubeIDE_1.16.1/STM32CubeIDE/plugins/com.st.stm32cube.ide.mcu.externaltools.gnu-tools-for-stm32.12.3.rel1.win32_1.0.200.202406191623/tools/bin/../lib/gcc/arm-none-eabi/12.3.1/thumb/v7e-m+dp/hard\libgcc.a(_aeabi_uldivmod.o)
 .ARM.attributes
                0x00000417       0x32 C:/Program Files/STM32CubeIDE_1.16.1/STM32CubeIDE/plugins/com.st.stm32cube.ide.mcu.externaltools.gnu-tools-for-stm32.12.3.rel1.win32_1.0.200.202406191623/tools/bin/../lib/gcc/arm-none-eabi/12.3.1/thumb/v7e-m+dp/hard\libgcc.a(_udivmoddi4.o)
 .ARM.attributes
                0x00000449       0x20 C:/Program Files/STM32CubeIDE_1.16.1/STM32CubeIDE/plugins/com.st.stm32cube.ide.mcu.externaltools.gnu-tools-for-stm32.12.3.rel1.win32_1.0.200.202406191623/tools/bin/../lib/gcc/arm-none-eabi/12.3.1/thumb/v7e-m+dp/hard\libgcc.a(_dvmd_tls.o)
 .ARM.attributes
                0x00000469       0x20 C:/Program Files/STM32CubeIDE_1.16.1/STM32CubeIDE/plugins/com.st.stm32cube.ide.mcu.externaltools.gnu-tools-for-stm32.12.3.rel1.win32_1.0.200.202406191623/tools/bin/../lib/gcc/arm-none-eabi/12.3.1/thumb/v7e-m+dp/hard/crtn.o
OUTPUT(Projeto1_Blink.elf elf32-littlearm)
LOAD linker stubs
LOAD C:/Program Files/STM32CubeIDE_1.16.1/STM32CubeIDE/plugins/com.st.stm32cube.ide.mcu.externaltools.gnu-tools-for-stm32.12.3.rel1.win32_1.0.200.202406191623/tools/bin/../lib/gcc/arm-none-eabi/12.3.1/../../../../arm-none-eabi/lib/thumb/v7e-m+dp/hard\libc.a
LOAD C:/Program Files/STM32CubeIDE_1.16.1/STM32CubeIDE/plugins/com.st.stm32cube.ide.mcu.externaltools.gnu-tools-for-stm32.12.3.rel1.win32_1.0.200.202406191623/tools/bin/../lib/gcc/arm-none-eabi/12.3.1/../../../../arm-none-eabi/lib/thumb/v7e-m+dp/hard\libm.a
LOAD C:/Program Files/STM32CubeIDE_1.16.1/STM32CubeIDE/plugins/com.st.stm32cube.ide.mcu.externaltools.gnu-tools-for-stm32.12.3.rel1.win32_1.0.200.202406191623/tools/bin/../lib/gcc/arm-none-eabi/12.3.1/thumb/v7e-m+dp/hard\libgcc.a

.debug_info     0x00000000    0x17be7
 .debug_info    0x00000000     0x28a4 ./Application/User/Core/main.o
 .debug_info    0x000028a4     0x2511 ./Application/User/Core/stm32h7xx_hal_msp.o
 .debug_info    0x00004db5      0x128 ./Application/User/Core/stm32h7xx_it.o
 .debug_info    0x00004edd       0x30 ./Application/User/Startup/startup_stm32h753zitx.o
 .debug_info    0x00004f0d      0xcef ./Drivers/CMSIS/system_stm32h7xx.o
 .debug_info    0x00005bfc     0x1541 ./Drivers/STM32H7xx_HAL_Driver/stm32h7xx_hal.o
 .debug_info    0x0000713d     0x10b2 ./Drivers/STM32H7xx_HAL_Driver/stm32h7xx_hal_cortex.o
 .debug_info    0x000081ef     0x2a30 ./Drivers/STM32H7xx_HAL_Driver/stm32h7xx_hal_eth.o
 .debug_info    0x0000ac1f      0xc4b ./Drivers/STM32H7xx_HAL_Driver/stm32h7xx_hal_gpio.o
 .debug_info    0x0000b86a     0x1561 ./Drivers/STM32H7xx_HAL_Driver/stm32h7xx_hal_pcd.o
 .debug_info    0x0000cdcb      0x8b3 ./Drivers/STM32H7xx_HAL_Driver/stm32h7xx_hal_pcd_ex.o
 .debug_info    0x0000d67e     0x1008 ./Drivers/STM32H7xx_HAL_Driver/stm32h7xx_hal_pwr_ex.o
 .debug_info    0x0000e686      0xe5b ./Drivers/STM32H7xx_HAL_Driver/stm32h7xx_hal_rcc.o
 .debug_info    0x0000f4e1     0x1216 ./Drivers/STM32H7xx_HAL_Driver/stm32h7xx_hal_rcc_ex.o
 .debug_info    0x000106f7     0x4b13 ./Drivers/STM32H7xx_HAL_Driver/stm32h7xx_hal_uart.o
 .debug_info    0x0001520a      0xfbf ./Drivers/STM32H7xx_HAL_Driver/stm32h7xx_hal_uart_ex.o
 .debug_info    0x000161c9     0x1a1e ./Drivers/STM32H7xx_HAL_Driver/stm32h7xx_ll_usb.o

.debug_abbrev   0x00000000     0x286a
 .debug_abbrev  0x00000000      0x319 ./Application/User/Core/main.o
 .debug_abbrev  0x00000319      0x28f ./Application/User/Core/stm32h7xx_hal_msp.o
 .debug_abbrev  0x000005a8       0x73 ./Application/User/Core/stm32h7xx_it.o
 .debug_abbrev  0x0000061b       0x24 ./Application/User/Startup/startup_stm32h753zitx.o
 .debug_abbrev  0x0000063f      0x14c ./Drivers/CMSIS/system_stm32h7xx.o
 .debug_abbrev  0x0000078b      0x295 ./Drivers/STM32H7xx_HAL_Driver/stm32h7xx_hal.o
 .debug_abbrev  0x00000a20      0x339 ./Drivers/STM32H7xx_HAL_Driver/stm32h7xx_hal_cortex.o
 .debug_abbrev  0x00000d59      0x347 ./Drivers/STM32H7xx_HAL_Driver/stm32h7xx_hal_eth.o
 .debug_abbrev  0x000010a0      0x1fe ./Drivers/STM32H7xx_HAL_Driver/stm32h7xx_hal_gpio.o
 .debug_abbrev  0x0000129e      0x2dc ./Drivers/STM32H7xx_HAL_Driver/stm32h7xx_hal_pcd.o
 .debug_abbrev  0x0000157a      0x256 ./Drivers/STM32H7xx_HAL_Driver/stm32h7xx_hal_pcd_ex.o
 .debug_abbrev  0x000017d0      0x2a7 ./Drivers/STM32H7xx_HAL_Driver/stm32h7xx_hal_pwr_ex.o
 .debug_abbrev  0x00001a77      0x2c8 ./Drivers/STM32H7xx_HAL_Driver/stm32h7xx_hal_rcc.o
 .debug_abbrev  0x00001d3f      0x269 ./Drivers/STM32H7xx_HAL_Driver/stm32h7xx_hal_rcc_ex.o
 .debug_abbrev  0x00001fa8      0x33d ./Drivers/STM32H7xx_HAL_Driver/stm32h7xx_hal_uart.o
 .debug_abbrev  0x000022e5      0x2d2 ./Drivers/STM32H7xx_HAL_Driver/stm32h7xx_hal_uart_ex.o
 .debug_abbrev  0x000025b7      0x2b3 ./Drivers/STM32H7xx_HAL_Driver/stm32h7xx_ll_usb.o

.debug_aranges  0x00000000      0xf50
 .debug_aranges
                0x00000000       0x50 ./Application/User/Core/main.o
 .debug_aranges
                0x00000050       0x50 ./Application/User/Core/stm32h7xx_hal_msp.o
 .debug_aranges
                0x000000a0       0x60 ./Application/User/Core/stm32h7xx_it.o
 .debug_aranges
                0x00000100       0x28 ./Application/User/Startup/startup_stm32h753zitx.o
 .debug_aranges
                0x00000128       0x28 ./Drivers/CMSIS/system_stm32h7xx.o
 .debug_aranges
                0x00000150      0x198 ./Drivers/STM32H7xx_HAL_Driver/stm32h7xx_hal.o
 .debug_aranges
                0x000002e8      0x130 ./Drivers/STM32H7xx_HAL_Driver/stm32h7xx_hal_cortex.o
 .debug_aranges
                0x00000418      0x1d8 ./Drivers/STM32H7xx_HAL_Driver/stm32h7xx_hal_eth.o
 .debug_aranges
                0x000005f0       0x58 ./Drivers/STM32H7xx_HAL_Driver/stm32h7xx_hal_gpio.o
 .debug_aranges
                0x00000648      0x140 ./Drivers/STM32H7xx_HAL_Driver/stm32h7xx_hal_pcd.o
 .debug_aranges
                0x00000788       0x60 ./Drivers/STM32H7xx_HAL_Driver/stm32h7xx_hal_pcd_ex.o
 .debug_aranges
                0x000007e8      0x158 ./Drivers/STM32H7xx_HAL_Driver/stm32h7xx_hal_pwr_ex.o
 .debug_aranges
                0x00000940       0x88 ./Drivers/STM32H7xx_HAL_Driver/stm32h7xx_hal_rcc.o
 .debug_aranges
                0x000009c8       0xf8 ./Drivers/STM32H7xx_HAL_Driver/stm32h7xx_hal_rcc_ex.o
 .debug_aranges
                0x00000ac0      0x248 ./Drivers/STM32H7xx_HAL_Driver/stm32h7xx_hal_uart.o
 .debug_aranges
                0x00000d08       0xa8 ./Drivers/STM32H7xx_HAL_Driver/stm32h7xx_hal_uart_ex.o
 .debug_aranges
                0x00000db0      0x1a0 ./Drivers/STM32H7xx_HAL_Driver/stm32h7xx_ll_usb.o

.debug_rnglists
                0x00000000      0xbd7
 .debug_rnglists
                0x00000000       0x3b ./Application/User/Core/main.o
 .debug_rnglists
                0x0000003b       0x3b ./Application/User/Core/stm32h7xx_hal_msp.o
 .debug_rnglists
                0x00000076       0x43 ./Application/User/Core/stm32h7xx_it.o
 .debug_rnglists
                0x000000b9       0x19 ./Application/User/Startup/startup_stm32h753zitx.o
 .debug_rnglists
                0x000000d2       0x1b ./Drivers/CMSIS/system_stm32h7xx.o
 .debug_rnglists
                0x000000ed      0x131 ./Drivers/STM32H7xx_HAL_Driver/stm32h7xx_hal.o
 .debug_rnglists
                0x0000021e       0xe0 ./Drivers/STM32H7xx_HAL_Driver/stm32h7xx_hal_cortex.o
 .debug_rnglists
                0x000002fe      0x176 ./Drivers/STM32H7xx_HAL_Driver/stm32h7xx_hal_eth.o
 .debug_rnglists
                0x00000474       0x3f ./Drivers/STM32H7xx_HAL_Driver/stm32h7xx_hal_gpio.o
 .debug_rnglists
                0x000004b3       0xf4 ./Drivers/STM32H7xx_HAL_Driver/stm32h7xx_hal_pcd.o
 .debug_rnglists
                0x000005a7       0x45 ./Drivers/STM32H7xx_HAL_Driver/stm32h7xx_hal_pcd_ex.o
 .debug_rnglists
                0x000005ec      0x103 ./Drivers/STM32H7xx_HAL_Driver/stm32h7xx_hal_pwr_ex.o
 .debug_rnglists
                0x000006ef       0x68 ./Drivers/STM32H7xx_HAL_Driver/stm32h7xx_hal_rcc.o
 .debug_rnglists
                0x00000757       0xc0 ./Drivers/STM32H7xx_HAL_Driver/stm32h7xx_hal_rcc_ex.o
 .debug_rnglists
                0x00000817      0x1fa ./Drivers/STM32H7xx_HAL_Driver/stm32h7xx_hal_uart.o
 .debug_rnglists
                0x00000a11       0x7f ./Drivers/STM32H7xx_HAL_Driver/stm32h7xx_hal_uart_ex.o
 .debug_rnglists
                0x00000a90      0x147 ./Drivers/STM32H7xx_HAL_Driver/stm32h7xx_ll_usb.o

.debug_macro    0x00000000    0x3792c
 .debug_macro   0x00000000      0x30a ./Application/User/Core/main.o
 .debug_macro   0x0000030a      0xacc ./Application/User/Core/main.o
 .debug_macro   0x00000dd6      0x23e ./Application/User/Core/main.o
 .debug_macro   0x00001014       0x2e ./Application/User/Core/main.o
 .debug_macro   0x00001042       0x3b ./Application/User/Core/main.o
 .debug_macro   0x0000107d       0x22 ./Application/User/Core/main.o
 .debug_macro   0x0000109f       0x8e ./Application/User/Core/main.o
 .debug_macro   0x0000112d       0x51 ./Application/User/Core/main.o
 .debug_macro   0x0000117e      0x103 ./Application/User/Core/main.o
 .debug_macro   0x00001281       0x6a ./Application/User/Core/main.o
 .debug_macro   0x000012eb      0x1df ./Application/User/Core/main.o
 .debug_macro   0x000014ca       0x1c ./Application/User/Core/main.o
 .debug_macro   0x000014e6       0x22 ./Application/User/Core/main.o
 .debug_macro   0x00001508       0xfb ./Application/User/Core/main.o
 .debug_macro   0x00001603     0x1305 ./Application/User/Core/main.o
 .debug_macro   0x00002908      0x11f ./Application/User/Core/main.o
 .debug_macro   0x00002a27       0x27 ./Application/User/Core/main.o
 .debug_macro   0x00002a4e    0x25f24 ./Application/User/Core/main.o
 .debug_macro   0x00028972       0x6d ./Application/User/Core/main.o
 .debug_macro   0x000289df     0x3d79 ./Application/User/Core/main.o
 .debug_macro   0x0002c758      0x189 ./Application/User/Core/main.o
 .debug_macro   0x0002c8e1       0x61 ./Application/User/Core/main.o
 .debug_macro   0x0002c942       0x29 ./Application/User/Core/main.o
 .debug_macro   0x0002c96b       0x43 ./Application/User/Core/main.o
 .debug_macro   0x0002c9ae       0x34 ./Application/User/Core/main.o
 .debug_macro   0x0002c9e2       0x16 ./Application/User/Core/main.o
 .debug_macro   0x0002c9f8       0x43 ./Application/User/Core/main.o
 .debug_macro   0x0002ca3b       0x34 ./Application/User/Core/main.o
 .debug_macro   0x0002ca6f       0x10 ./Application/User/Core/main.o
 .debug_macro   0x0002ca7f       0x58 ./Application/User/Core/main.o
 .debug_macro   0x0002cad7       0x8e ./Application/User/Core/main.o
 .debug_macro   0x0002cb65       0x1c ./Application/User/Core/main.o
 .debug_macro   0x0002cb81      0x177 ./Application/User/Core/main.o
 .debug_macro   0x0002ccf8      0x369 ./Application/User/Core/main.o
 .debug_macro   0x0002d061      0x19b ./Application/User/Core/main.o
 .debug_macro   0x0002d1fc       0x5d ./Application/User/Core/main.o
 .debug_macro   0x0002d259     0x240e ./Application/User/Core/main.o
 .debug_macro   0x0002f667     0x102c ./Application/User/Core/main.o
 .debug_macro   0x00030693      0x154 ./Application/User/Core/main.o
 .debug_macro   0x000307e7      0x114 ./Application/User/Core/main.o
 .debug_macro   0x000308fb      0x3b6 ./Application/User/Core/main.o
 .debug_macro   0x00030cb1       0xac ./Application/User/Core/main.o
 .debug_macro   0x00030d5d      0x72d ./Application/User/Core/main.o
 .debug_macro   0x0003148a      0x228 ./Application/User/Core/main.o
 .debug_macro   0x000316b2       0x66 ./Application/User/Core/main.o
 .debug_macro   0x00031718      0x3bb ./Application/User/Core/main.o
 .debug_macro   0x00031ad3      0xa80 ./Application/User/Core/main.o
 .debug_macro   0x00032553      0x129 ./Application/User/Core/main.o
 .debug_macro   0x0003267c      0x3e4 ./Application/User/Core/main.o
 .debug_macro   0x00032a60      0x275 ./Application/User/Core/main.o
 .debug_macro   0x00032cd5      0x3ca ./Application/User/Core/main.o
 .debug_macro   0x0003309f      0x408 ./Application/User/Core/main.o
 .debug_macro   0x000334a7       0x51 ./Application/User/Core/main.o
 .debug_macro   0x000334f8       0x4a ./Application/User/Core/main.o
 .debug_macro   0x00033542      0x22c ./Application/User/Core/main.o
 .debug_macro   0x0003376e       0x67 ./Application/User/Core/main.o
 .debug_macro   0x000337d5       0xa5 ./Application/User/Core/main.o
 .debug_macro   0x0003387a      0x1c4 ./Application/User/Core/main.o
 .debug_macro   0x00033a3e      0x25e ./Application/User/Core/main.o
 .debug_macro   0x00033c9c       0x35 ./Application/User/Core/main.o
 .debug_macro   0x00033cd1      0x693 ./Application/User/Core/main.o
 .debug_macro   0x00034364       0xa6 ./Application/User/Core/main.o
 .debug_macro   0x0003440a      0x293 ./Application/User/Core/main.o
 .debug_macro   0x0003469d       0x90 ./Application/User/Core/main.o
 .debug_macro   0x0003472d      0x5a0 ./Application/User/Core/main.o
 .debug_macro   0x00034ccd       0x64 ./Application/User/Core/main.o
 .debug_macro   0x00034d31       0x16 ./Application/User/Core/main.o
 .debug_macro   0x00034d47       0x35 ./Application/User/Core/main.o
 .debug_macro   0x00034d7c       0x20 ./Application/User/Core/main.o
 .debug_macro   0x00034d9c      0x2da ./Application/User/Core/stm32h7xx_hal_msp.o
 .debug_macro   0x00035076      0x2e4 ./Application/User/Core/stm32h7xx_it.o
 .debug_macro   0x0003535a      0x2cb ./Drivers/CMSIS/system_stm32h7xx.o
 .debug_macro   0x00035625      0x2f5 ./Drivers/STM32H7xx_HAL_Driver/stm32h7xx_hal.o
 .debug_macro   0x0003591a      0x2cb ./Drivers/STM32H7xx_HAL_Driver/stm32h7xx_hal_cortex.o
 .debug_macro   0x00035be5      0x35f ./Drivers/STM32H7xx_HAL_Driver/stm32h7xx_hal_eth.o
 .debug_macro   0x00035f44      0x2d2 ./Drivers/STM32H7xx_HAL_Driver/stm32h7xx_hal_gpio.o
 .debug_macro   0x00036216      0x2d7 ./Drivers/STM32H7xx_HAL_Driver/stm32h7xx_hal_pcd.o
 .debug_macro   0x000364ed      0x2cb ./Drivers/STM32H7xx_HAL_Driver/stm32h7xx_hal_pcd_ex.o
 .debug_macro   0x000367b8      0x304 ./Drivers/STM32H7xx_HAL_Driver/stm32h7xx_hal_pwr_ex.o
 .debug_macro   0x00036abc      0x2ef ./Drivers/STM32H7xx_HAL_Driver/stm32h7xx_hal_rcc.o
 .debug_macro   0x00036dab      0x2e9 ./Drivers/STM32H7xx_HAL_Driver/stm32h7xx_hal_rcc_ex.o
 .debug_macro   0x00037094      0x2f6 ./Drivers/STM32H7xx_HAL_Driver/stm32h7xx_hal_uart.o
 .debug_macro   0x0003738a      0x2d7 ./Drivers/STM32H7xx_HAL_Driver/stm32h7xx_hal_uart_ex.o
 .debug_macro   0x00037661      0x2cb ./Drivers/STM32H7xx_HAL_Driver/stm32h7xx_ll_usb.o

.debug_line     0x00000000    0x15ac0
 .debug_line    0x00000000      0xc86 ./Application/User/Core/main.o
 .debug_line    0x00000c86      0xbc7 ./Application/User/Core/stm32h7xx_hal_msp.o
 .debug_line    0x0000184d      0xb34 ./Application/User/Core/stm32h7xx_it.o
 .debug_line    0x00002381       0x7a ./Application/User/Startup/startup_stm32h753zitx.o
 .debug_line    0x000023fb      0xc2d ./Drivers/CMSIS/system_stm32h7xx.o
 .debug_line    0x00003028     0x1022 ./Drivers/STM32H7xx_HAL_Driver/stm32h7xx_hal.o
 .debug_line    0x0000404a     0x1051 ./Drivers/STM32H7xx_HAL_Driver/stm32h7xx_hal_cortex.o
 .debug_line    0x0000509b     0x1dbb ./Drivers/STM32H7xx_HAL_Driver/stm32h7xx_hal_eth.o
 .debug_line    0x00006e56      0xefa ./Drivers/STM32H7xx_HAL_Driver/stm32h7xx_hal_gpio.o
 .debug_line    0x00007d50     0x183d ./Drivers/STM32H7xx_HAL_Driver/stm32h7xx_hal_pcd.o
 .debug_line    0x0000958d      0xc7f ./Drivers/STM32H7xx_HAL_Driver/stm32h7xx_hal_pcd_ex.o
 .debug_line    0x0000a20c     0x1145 ./Drivers/STM32H7xx_HAL_Driver/stm32h7xx_hal_pwr_ex.o
 .debug_line    0x0000b351     0x15f2 ./Drivers/STM32H7xx_HAL_Driver/stm32h7xx_hal_rcc.o
 .debug_line    0x0000c943     0x1f0a ./Drivers/STM32H7xx_HAL_Driver/stm32h7xx_hal_rcc_ex.o
 .debug_line    0x0000e84d     0x40b0 ./Drivers/STM32H7xx_HAL_Driver/stm32h7xx_hal_uart.o
 .debug_line    0x000128fd     0x10c0 ./Drivers/STM32H7xx_HAL_Driver/stm32h7xx_hal_uart_ex.o
 .debug_line    0x000139bd     0x2103 ./Drivers/STM32H7xx_HAL_Driver/stm32h7xx_ll_usb.o

.debug_str      0x00000000   0x1608ea
 .debug_str     0x00000000   0x15aede ./Application/User/Core/main.o
                             0x15b460 (size before relaxing)
 .debug_str     0x0015aede      0x434 ./Application/User/Core/stm32h7xx_hal_msp.o
                             0x15b347 (size before relaxing)
 .debug_str     0x0015b312      0x10b ./Application/User/Core/stm32h7xx_it.o
                             0x159aa6 (size before relaxing)
 .debug_str     0x0015b41d       0x50 ./Application/User/Startup/startup_stm32h753zitx.o
                                 0xa8 (size before relaxing)
 .debug_str     0x0015b46d      0x372 ./Drivers/CMSIS/system_stm32h7xx.o
                             0x159df5 (size before relaxing)
 .debug_str     0x0015b7df     0x100c ./Drivers/STM32H7xx_HAL_Driver/stm32h7xx_hal.o
                             0x15ad1a (size before relaxing)
 .debug_str     0x0015c7eb      0x3cd ./Drivers/STM32H7xx_HAL_Driver/stm32h7xx_hal_cortex.o
                             0x15a755 (size before relaxing)
 .debug_str     0x0015cbb8     0x1078 ./Drivers/STM32H7xx_HAL_Driver/stm32h7xx_hal_eth.o
                             0x15b67a (size before relaxing)
 .debug_str     0x0015dc30      0x12e ./Drivers/STM32H7xx_HAL_Driver/stm32h7xx_hal_gpio.o
                             0x159dac (size before relaxing)
 .debug_str     0x0015dd5e      0x847 ./Drivers/STM32H7xx_HAL_Driver/stm32h7xx_hal_pcd.o
                             0x15a560 (size before relaxing)
 .debug_str     0x0015e5a5      0x1b6 ./Drivers/STM32H7xx_HAL_Driver/stm32h7xx_hal_pcd_ex.o
                             0x159efe (size before relaxing)
 .debug_str     0x0015e75b      0x65a ./Drivers/STM32H7xx_HAL_Driver/stm32h7xx_hal_pwr_ex.o
                             0x15a26d (size before relaxing)
 .debug_str     0x0015edb5      0x25c ./Drivers/STM32H7xx_HAL_Driver/stm32h7xx_hal_rcc.o
                             0x15a190 (size before relaxing)
 .debug_str     0x0015f011      0x68d ./Drivers/STM32H7xx_HAL_Driver/stm32h7xx_hal_rcc_ex.o
                             0x15a671 (size before relaxing)
 .debug_str     0x0015f69e      0xabc ./Drivers/STM32H7xx_HAL_Driver/stm32h7xx_hal_uart.o
                             0x15acd1 (size before relaxing)
 .debug_str     0x0016015a      0x2a3 ./Drivers/STM32H7xx_HAL_Driver/stm32h7xx_hal_uart_ex.o
                             0x15a291 (size before relaxing)
 .debug_str     0x001603fd      0x4ed ./Drivers/STM32H7xx_HAL_Driver/stm32h7xx_ll_usb.o
                             0x15a45a (size before relaxing)

.comment        0x00000000       0x43
 .comment       0x00000000       0x43 ./Application/User/Core/main.o
                                 0x44 (size before relaxing)
 .comment       0x00000043       0x44 ./Application/User/Core/stm32h7xx_hal_msp.o
 .comment       0x00000043       0x44 ./Application/User/Core/stm32h7xx_it.o
 .comment       0x00000043       0x44 ./Drivers/CMSIS/system_stm32h7xx.o
 .comment       0x00000043       0x44 ./Drivers/STM32H7xx_HAL_Driver/stm32h7xx_hal.o
 .comment       0x00000043       0x44 ./Drivers/STM32H7xx_HAL_Driver/stm32h7xx_hal_cortex.o
 .comment       0x00000043       0x44 ./Drivers/STM32H7xx_HAL_Driver/stm32h7xx_hal_eth.o
 .comment       0x00000043       0x44 ./Drivers/STM32H7xx_HAL_Driver/stm32h7xx_hal_gpio.o
 .comment       0x00000043       0x44 ./Drivers/STM32H7xx_HAL_Driver/stm32h7xx_hal_pcd.o
 .comment       0x00000043       0x44 ./Drivers/STM32H7xx_HAL_Driver/stm32h7xx_hal_pcd_ex.o
 .comment       0x00000043       0x44 ./Drivers/STM32H7xx_HAL_Driver/stm32h7xx_hal_pwr_ex.o
 .comment       0x00000043       0x44 ./Drivers/STM32H7xx_HAL_Driver/stm32h7xx_hal_rcc.o
 .comment       0x00000043       0x44 ./Drivers/STM32H7xx_HAL_Driver/stm32h7xx_hal_rcc_ex.o
 .comment       0x00000043       0x44 ./Drivers/STM32H7xx_HAL_Driver/stm32h7xx_hal_uart.o
 .comment       0x00000043       0x44 ./Drivers/STM32H7xx_HAL_Driver/stm32h7xx_hal_uart_ex.o
 .comment       0x00000043       0x44 ./Drivers/STM32H7xx_HAL_Driver/stm32h7xx_ll_usb.o

.debug_frame    0x00000000     0x411c
 .debug_frame   0x00000000       0xe0 ./Application/User/Core/main.o
 .debug_frame   0x000000e0      0x118 ./Application/User/Core/stm32h7xx_hal_msp.o
 .debug_frame   0x000001f8      0x104 ./Application/User/Core/stm32h7xx_it.o
 .debug_frame   0x000002fc       0x58 ./Drivers/CMSIS/system_stm32h7xx.o
 .debug_frame   0x00000354      0x690 ./Drivers/STM32H7xx_HAL_Driver/stm32h7xx_hal.o
 .debug_frame   0x000009e4      0x508 ./Drivers/STM32H7xx_HAL_Driver/stm32h7xx_hal_cortex.o
 .debug_frame   0x00000eec      0x894 ./Drivers/STM32H7xx_HAL_Driver/stm32h7xx_hal_eth.o
 .debug_frame   0x00001780      0x14c ./Drivers/STM32H7xx_HAL_Driver/stm32h7xx_hal_gpio.o
 .debug_frame   0x000018cc      0x590 ./Drivers/STM32H7xx_HAL_Driver/stm32h7xx_hal_pcd.o
 .debug_frame   0x00001e5c      0x174 ./Drivers/STM32H7xx_HAL_Driver/stm32h7xx_hal_pcd_ex.o
 .debug_frame   0x00001fd0      0x580 ./Drivers/STM32H7xx_HAL_Driver/stm32h7xx_hal_pwr_ex.o
 .debug_frame   0x00002550      0x1f8 ./Drivers/STM32H7xx_HAL_Driver/stm32h7xx_hal_rcc.o
 .debug_frame   0x00002748      0x414 ./Drivers/STM32H7xx_HAL_Driver/stm32h7xx_hal_rcc_ex.o
 .debug_frame   0x00002b5c      0xa94 ./Drivers/STM32H7xx_HAL_Driver/stm32h7xx_hal_uart.o
 .debug_frame   0x000035f0      0x2c0 ./Drivers/STM32H7xx_HAL_Driver/stm32h7xx_hal_uart_ex.o
 .debug_frame   0x000038b0      0x7c0 ./Drivers/STM32H7xx_HAL_Driver/stm32h7xx_ll_usb.o
 .debug_frame   0x00004070       0x20 C:/Program Files/STM32CubeIDE_1.16.1/STM32CubeIDE/plugins/com.st.stm32cube.ide.mcu.externaltools.gnu-tools-for-stm32.12.3.rel1.win32_1.0.200.202406191623/tools/bin/../lib/gcc/arm-none-eabi/12.3.1/../../../../arm-none-eabi/lib/thumb/v7e-m+dp/hard\libc_nano.a(libc_a-memset.o)
 .debug_frame   0x00004090       0x2c C:/Program Files/STM32CubeIDE_1.16.1/STM32CubeIDE/plugins/com.st.stm32cube.ide.mcu.externaltools.gnu-tools-for-stm32.12.3.rel1.win32_1.0.200.202406191623/tools/bin/../lib/gcc/arm-none-eabi/12.3.1/../../../../arm-none-eabi/lib/thumb/v7e-m+dp/hard\libc_nano.a(libc_a-init.o)
 .debug_frame   0x000040bc       0x2c C:/Program Files/STM32CubeIDE_1.16.1/STM32CubeIDE/plugins/com.st.stm32cube.ide.mcu.externaltools.gnu-tools-for-stm32.12.3.rel1.win32_1.0.200.202406191623/tools/bin/../lib/gcc/arm-none-eabi/12.3.1/thumb/v7e-m+dp/hard\libgcc.a(_aeabi_uldivmod.o)
 .debug_frame   0x000040e8       0x34 C:/Program Files/STM32CubeIDE_1.16.1/STM32CubeIDE/plugins/com.st.stm32cube.ide.mcu.externaltools.gnu-tools-for-stm32.12.3.rel1.win32_1.0.200.202406191623/tools/bin/../lib/gcc/arm-none-eabi/12.3.1/thumb/v7e-m+dp/hard\libgcc.a(_udivmoddi4.o)

.debug_line_str
                0x00000000       0x8c
 .debug_line_str
                0x00000000       0x8c ./Application/User/Startup/startup_stm32h753zitx.o
