D:/JONAS/FACULDADE/MESTRADO/PROJETOS PLACA EMBARCADOS/Projeto6_UART/Core/Src/main.c:96:5:main	1
D:/JONAS/FACULDADE/MESTRADO/PROJETOS PLACA EMBARCADOS/Projeto6_UART/Core/Src/main.c:160:6:SystemClock_Config	4
D:/JONAS/FACULDADE/MESTRADO/PROJETOS PLACA EMBARCADOS/Projeto6_UART/Core/Src/main.c:221:13:MX_ETH_Init	2
D:/JONAS/FACULDADE/MESTRADO/PROJETOS PLACA EMBARCADOS/Projeto6_UART/Core/Src/main.c:270:13:MX_USART3_UART_Init	5
D:/JONAS/FACULDADE/MESTRADO/PROJETOS PLACA EMBARCADOS/Projeto6_UART/Core/Src/main.c:318:13:MX_USB_OTG_FS_PCD_Init	2
D:/JONAS/FACULDADE/MESTRADO/PROJETOS PLACA EMBARCADOS/Projeto6_UART/Core/Src/main.c:354:13:MX_GPIO_Init	1
D:/JONAS/FACULDADE/MESTRADO/PROJETOS PLACA EMBARCADOS/Projeto6_UART/Core/Src/main.c:417:7:HAL_UART_RxCpltCallback	1
D:/JONAS/FACULDADE/MESTRADO/PROJETOS PLACA EMBARCADOS/Projeto6_UART/Core/Src/main.c:429:6:Error_Handler	1
