D:/JONAS/FACULDADE/MESTRADO/PROJETOS PLACA EMBARCADOS/Projeto6_UART/Core/Src/main.c:96:5:main	8	static
D:/JONAS/FACULDADE/MESTRADO/PROJETOS PLACA EMBARCADOS/Projeto6_UART/Core/Src/main.c:160:6:SystemClock_Config	120	static
D:/JONAS/FACULDADE/MESTRADO/PROJETOS PLACA EMBARCADOS/Projeto6_UART/Core/Src/main.c:221:13:MX_ETH_Init	8	static
D:/JONAS/FACULDADE/MESTRADO/PROJETOS PLACA EMBARCADOS/Projeto6_UART/Core/Src/main.c:270:13:MX_USART3_UART_Init	8	static
D:/JONAS/FACULDADE/MESTRADO/PROJETOS PLACA EMBARCADOS/Projeto6_UART/Core/Src/main.c:318:13:MX_USB_OTG_FS_PCD_Init	8	static
D:/JONAS/FACULDADE/MESTRADO/PROJETOS PLACA EMBARCADOS/Projeto6_UART/Core/Src/main.c:354:13:MX_GPIO_Init	56	static
D:/JONAS/FACULDADE/MESTRADO/PROJETOS PLACA EMBARCADOS/Projeto6_UART/Core/Src/main.c:417:7:HAL_UART_RxCpltCallback	16	static
D:/JONAS/FACULDADE/MESTRADO/PROJETOS PLACA EMBARCADOS/Projeto6_UART/Core/Src/main.c:429:6:Error_Handler	4	static,ignoring_inline_asm
