D:/JONAS/FACULDADE/MESTRADO/PROJETOS PLACA EMBARCADOS/Projeto7_AtividadeUART/Core/Src/main.c:110:5:main	24	static,ignoring_inline_asm
D:/JONAS/FACULDADE/MESTRADO/PROJETOS PLACA EMBARCADOS/Projeto7_AtividadeUART/Core/Src/main.c:190:6:SystemClock_Config	120	static
D:/JONAS/FACULDADE/MESTRADO/PROJETOS PLACA EMBARCADOS/Projeto7_AtividadeUART/Core/Src/main.c:251:13:MX_ETH_Init	8	static
D:/JONAS/FACULDADE/MESTRADO/PROJETOS PLACA EMBARCADOS/Projeto7_AtividadeUART/Core/Src/main.c:300:13:MX_USART3_UART_Init	8	static
D:/JONAS/FACULDADE/MESTRADO/PROJETOS PLACA EMBARCADOS/Projeto7_AtividadeUART/Core/Src/main.c:348:13:MX_USB_OTG_FS_PCD_Init	8	static
D:/JONAS/FACULDADE/MESTRADO/PROJETOS PLACA EMBARCADOS/Projeto7_AtividadeUART/Core/Src/main.c:382:13:MX_DMA_Init	16	static
D:/JONAS/FACULDADE/MESTRADO/PROJETOS PLACA EMBARCADOS/Projeto7_AtividadeUART/Core/Src/main.c:403:13:MX_GPIO_Init	56	static
D:/JONAS/FACULDADE/MESTRADO/PROJETOS PLACA EMBARCADOS/Projeto7_AtividadeUART/Core/Src/main.c:470:7:HAL_GPIO_EXTI_Callback	16	static,ignoring_inline_asm
D:/JONAS/FACULDADE/MESTRADO/PROJETOS PLACA EMBARCADOS/Projeto7_AtividadeUART/Core/Src/main.c:479:7:HAL_UART_RxCpltCallback	16	static
D:/JONAS/FACULDADE/MESTRADO/PROJETOS PLACA EMBARCADOS/Projeto7_AtividadeUART/Core/Src/main.c:488:6:Error_Handler	4	static,ignoring_inline_asm
