D:/JONAS/FACULDADE/MESTRADO/PROJETOS PLACA EMBARCADOS/Projeto7_AtividadeUART/Core/Src/main.c:110:5:main	45
D:/JONAS/FACULDADE/MESTRADO/PROJETOS PLACA EMBARCADOS/Projeto7_AtividadeUART/Core/Src/main.c:190:6:SystemClock_Config	4
D:/JONAS/FACULDADE/MESTRADO/PROJETOS PLACA EMBARCADOS/Projeto7_AtividadeUART/Core/Src/main.c:251:13:MX_ETH_Init	2
D:/JONAS/FACULDADE/MESTRADO/PROJETOS PLACA EMBARCADOS/Projeto7_AtividadeUART/Core/Src/main.c:300:13:MX_USART3_UART_Init	5
D:/JONAS/FACULDADE/MESTRADO/PROJETOS PLACA EMBARCADOS/Projeto7_AtividadeUART/Core/Src/main.c:348:13:MX_USB_OTG_FS_PCD_Init	2
D:/JONAS/FACULDADE/MESTRADO/PROJETOS PLACA EMBARCADOS/Projeto7_AtividadeUART/Core/Src/main.c:382:13:MX_DMA_Init	1
D:/JONAS/FACULDADE/MESTRADO/PROJETOS PLACA EMBARCADOS/Projeto7_AtividadeUART/Core/Src/main.c:403:13:MX_GPIO_Init	1
D:/JONAS/FACULDADE/MESTRADO/PROJETOS PLACA EMBARCADOS/Projeto7_AtividadeUART/Core/Src/main.c:470:7:HAL_GPIO_EXTI_Callback	2
D:/JONAS/FACULDADE/MESTRADO/PROJETOS PLACA EMBARCADOS/Projeto7_AtividadeUART/Core/Src/main.c:479:7:HAL_UART_RxCpltCallback	1
D:/JONAS/FACULDADE/MESTRADO/PROJETOS PLACA EMBARCADOS/Projeto7_AtividadeUART/Core/Src/main.c:488:6:Error_Handler	1
