D:/JONAS/FACULDADE/MESTRADO/PROJETOS PLACA EMBARCADOS/Projeto5_Interrupcao/Core/Src/main.c:92:5:main	1
D:/JONAS/FACULDADE/MESTRADO/PROJETOS PLACA EMBARCADOS/Projeto5_Interrupcao/Core/Src/main.c:139:6:SystemClock_Config	4
D:/JONAS/FACULDADE/MESTRADO/PROJETOS PLACA EMBARCADOS/Projeto5_Interrupcao/Core/Src/main.c:200:13:MX_ETH_Init	2
D:/JONAS/FACULDADE/MESTRADO/PROJETOS PLACA EMBARCADOS/Projeto5_Interrupcao/Core/Src/main.c:249:13:MX_USART3_UART_Init	5
D:/JONAS/FACULDADE/MESTRADO/PROJETOS PLACA EMBARCADOS/Projeto5_Interrupcao/Core/Src/main.c:297:13:MX_USB_OTG_FS_PCD_Init	2
D:/JONAS/FACULDADE/MESTRADO/PROJETOS PLACA EMBARCADOS/Projeto5_Interrupcao/Core/Src/main.c:333:13:MX_GPIO_Init	1
D:/JONAS/FACULDADE/MESTRADO/PROJETOS PLACA EMBARCADOS/Projeto5_Interrupcao/Core/Src/main.c:400:6:HAL_GPIO_EXTI_Callback	2
D:/JONAS/FACULDADE/MESTRADO/PROJETOS PLACA EMBARCADOS/Projeto5_Interrupcao/Core/Src/main.c:415:6:Error_Handler	1
