D:/JONAS/FACULDADE/MESTRADO/PROJETOS PLACA EMBARCADOS/Projeto4_PWM tres leds/Core/Src/main.c:92:5:main	32	static
D:/JONAS/FACULDADE/MESTRADO/PROJETOS PLACA EMBARCADOS/Projeto4_PWM tres leds/Core/Src/main.c:170:6:SystemClock_Config	120	static
D:/JONAS/FACULDADE/MESTRADO/PROJETOS PLACA EMBARCADOS/Projeto4_PWM tres leds/Core/Src/main.c:229:13:MX_ETH_Init	8	static
D:/JONAS/FACULDADE/MESTRADO/PROJETOS PLACA EMBARCADOS/Projeto4_PWM tres leds/Core/Src/main.c:278:13:MX_USART3_UART_Init	8	static
D:/JONAS/FACULDADE/MESTRADO/PROJETOS PLACA EMBARCADOS/Projeto4_PWM tres leds/Core/Src/main.c:326:13:MX_USB_OTG_FS_PCD_Init	8	static
D:/JONAS/FACULDADE/MESTRADO/PROJETOS PLACA EMBARCADOS/Projeto4_PWM tres leds/Core/Src/main.c:362:13:MX_GPIO_Init	56	static
D:/JONAS/FACULDADE/MESTRADO/PROJETOS PLACA EMBARCADOS/Projeto4_PWM tres leds/Core/Src/main.c:431:6:Error_Handler	4	static,ignoring_inline_asm
